 Test3dRenderer

 Timestamp is 69cc7db9 (Tue Mar 31 22:06:49 2026)

 Preferred load address is 0000000140000000

 Start         Length     Name                   Class
 0001:00000000 00000050H .text$di                CODE
 0001:00000050 0001ec20H .text$mn                CODE
 0001:0001ec70 00000060H .text$mn$00             CODE
 0001:0001ecd0 00000c40H .text$mn$21             CODE
 0001:0001f910 00000490H .text$x                 CODE
 0001:0001fda0 00000016H .text$yd                CODE
 0002:00000000 00000318H .idata$5                DATA
 0002:00000318 00000038H .00cfg                  DATA
 0002:00000350 00000008H .CRT$XCA                DATA
 0002:00000358 00000008H .CRT$XCAA               DATA
 0002:00000360 00000010H .CRT$XCU                DATA
 0002:00000370 00000008H .CRT$XCZ                DATA
 0002:00000378 00000008H .CRT$XIA                DATA
 0002:00000380 00000008H .CRT$XIAA               DATA
 0002:00000388 00000008H .CRT$XIAC               DATA
 0002:00000390 00000020H .CRT$XIC                DATA
 0002:000003b0 00000008H .CRT$XIZ                DATA
 0002:000003b8 00000008H .CRT$XPA                DATA
 0002:000003c0 00000010H .CRT$XPX                DATA
 0002:000003d0 00000008H .CRT$XPXA               DATA
 0002:000003d8 00000008H .CRT$XPZ                DATA
 0002:000003e0 00000008H .CRT$XTA                DATA
 0002:000003e8 00000008H .CRT$XTZ                DATA
 0002:000003f0 00000000H .gehcont$y              DATA
 0002:000003f0 00000000H .gfids$y                DATA
 0002:000003f0 00008df0H .rdata                  DATA
 0002:000091e0 000001a0H .rdata$00               DATA
 0002:00009380 00000000H .rdata$CastGuardVftablesA DATA
 0002:00009380 00000000H .rdata$CastGuardVftablesC DATA
 0002:00009380 0000037cH .rdata$r                DATA
 0002:000096fc 00000160H .rdata$voltmd           DATA
 0002:0000985c 000003e4H .rdata$zzzdbg           DATA
 0002:00009c40 00000008H .rtc$IAA                DATA
 0002:00009c48 00000008H .rtc$IZZ                DATA
 0002:00009c50 00000008H .rtc$TAA                DATA
 0002:00009c58 00000008H .rtc$TZZ                DATA
 0002:00009c60 000013d8H .xdata                  DATA
 0002:0000b038 000001dcH .xdata$x                DATA
 0002:0000b214 00000000H .edata                  DATA
 0002:0000b214 00000050H .idata$2                DATA
 0002:0000b264 00000014H .idata$3                DATA
 0002:0000b278 00000318H .idata$4                DATA
 0002:0000b590 000006e4H .idata$6                DATA
 0003:00000000 00000a50H .data                   DATA
 0003:00000a50 000000f8H .data$r                 DATA
 0003:00000b48 00000028H .data$rs                DATA
 0003:00000b70 000015e4H .bss                    DATA
 0004:00000000 00001a70H .pdata                  DATA
 0005:00000000 00000100H .fptable                DATA

  Address         Publics by Value              Rva+Base               Lib:Object

 0000:00000000       __AbsoluteZero             0000000000000000     <absolute>
 0000:00000000       ___safe_se_handler_count   0000000000000000     <absolute>
 0000:00000000       ___safe_se_handler_table   0000000000000000     <absolute>
 0000:00000000       __arm64x_extra_rfe_table   0000000000000000     <absolute>
 0000:00000000       __arm64x_extra_rfe_table_size 0000000000000000     <absolute>
 0000:00000000       __arm64x_native_entrypoint 0000000000000000     <absolute>
 0000:00000000       __arm64x_redirection_metadata 0000000000000000     <absolute>
 0000:00000000       __arm64x_redirection_metadata_count 0000000000000000     <absolute>
 0000:00000000       __dynamic_value_reloc_table 0000000000000000     <absolute>
 0000:00000000       __enclave_config           0000000000000000     <absolute>
 0000:00000000       __guard_check_icall_a64n_fptr 0000000000000000     <absolute>
 0000:00000000       __guard_eh_cont_count      0000000000000000     <absolute>
 0000:00000000       __guard_eh_cont_table      0000000000000000     <absolute>
 0000:00000000       __guard_fids_count         0000000000000000     <absolute>
 0000:00000000       __guard_fids_table         0000000000000000     <absolute>
 0000:00000000       __guard_iat_count          0000000000000000     <absolute>
 0000:00000000       __guard_iat_table          0000000000000000     <absolute>
 0000:00000000       __guard_longjmp_count      0000000000000000     <absolute>
 0000:00000000       __guard_longjmp_table      0000000000000000     <absolute>
 0000:00000000       __hybrid_auxiliary_delayload_iat 0000000000000000     <absolute>
 0000:00000000       __hybrid_auxiliary_delayload_iat_copy 0000000000000000     <absolute>
 0000:00000000       __hybrid_auxiliary_iat     0000000000000000     <absolute>
 0000:00000000       __hybrid_auxiliary_iat_copy 0000000000000000     <absolute>
 0000:00000000       __hybrid_code_map          0000000000000000     <absolute>
 0000:00000000       __hybrid_code_map_count    0000000000000000     <absolute>
 0000:00000000       __hybrid_image_info_bitfield 0000000000000000     <absolute>
 0000:00000000       __x64_code_ranges_to_entry_points 0000000000000000     <absolute>
 0000:00000000       __x64_code_ranges_to_entry_points_count 0000000000000000     <absolute>
 0000:00000100       __guard_flags              0000000000000100     <absolute>
 0000:00000000       __ImageBase                0000000140000000     <linker-defined>
 0001:00000050       WinMain                    0000000140001050 f   win32_platform.obj
 0001:000005a0       ?Win32FreeFileMemory@@YAXPEAX@Z 00000001400015a0 f   win32_platform.obj
 0001:000005d0       ?WndProc@@YA_JPEAUHWND__@@I_K_J@Z 00000001400015d0 f   win32_platform.obj
 0001:000009b0       ?Win32ReadEntireFile@@YA?AUplatform_file_result@@PEBD@Z 00000001400019b0 f   win32_platform.obj
 0001:00000bf0       ?Win32ReadEntireLocalFile@@YA?AUplatform_file_result@@PEBD@Z 0000000140001bf0 f   win32_platform.obj
 0001:00000e30       ??$sprintf_s@$0BAE@@@YAHAEAY0BAE@DPEBDZZ 0000000140001e30 f i win32_platform.obj
 0001:00000e70       ?strrchr@@YAPEADQEADH@Z    0000000140001e70 f i win32_platform.obj
 0001:00000e90       __local_stdio_printf_options 0000000140001e90 f i win32_platform.obj
 0001:00000ea0       _vsprintf_s_l              0000000140001ea0 f i win32_platform.obj
 0001:00000f10       sprintf_s                  0000000140001f10 f i win32_platform.obj
 0001:00000f70       vsprintf_s                 0000000140001f70 f i win32_platform.obj
 0001:00000fb0       ?Init@@YAXAEAUplatform_data@@Uplatform_api@@@Z 0000000140001fb0 f   game.obj
 0001:000011a0       ?game_update_and_render@@YAXAEAUplatform_data@@@Z 00000001400021a0 f   game.obj
 0001:000016e0       ??$?0$$V@?$_Compressed_pair@V?$allocator@I@std@@V?$_Vector_val@U?$_Simple_types@I@std@@@2@$00@std@@QEAA@U_Zero_then_variadic_args_t@1@@Z 00000001400026e0 f i game.obj
 0001:000016e0       ??$?0$$V@?$_Compressed_pair@V?$allocator@UTriangle@@@std@@V?$_Vector_val@U?$_Simple_types@UTriangle@@@std@@@2@$00@std@@QEAA@U_Zero_then_variadic_args_t@1@@Z 00000001400026e0 f i game.obj
 0001:000016e0       ??$?0$$V@?$_Compressed_pair@V?$allocator@UVector3@@@std@@V?$_Vector_val@U?$_Simple_types@UVector3@@@std@@@2@$00@std@@QEAA@U_Zero_then_variadic_args_t@1@@Z 00000001400026e0 f i game.obj
 0001:00001710       ??$_Deallocate@$0BA@@std@@YAXPEAX_K@Z 0000000140002710 f i game.obj
 0001:00001750       ??$_Destroy_range@V?$allocator@I@std@@@std@@YAXPEAIQEAIAEAV?$allocator@I@0@@Z 0000000140002750 f i game.obj
 0001:00001750       ??$_Destroy_range@V?$allocator@UTriangle@@@std@@@std@@YAXPEAUTriangle@@QEAU1@AEAV?$allocator@UTriangle@@@0@@Z 0000000140002750 f i game.obj
 0001:00001750       ??$_Destroy_range@V?$allocator@UVector3@@@std@@@std@@YAXPEAUVector3@@QEAU1@AEAV?$allocator@UVector3@@@0@@Z 0000000140002750 f i game.obj
 0001:00001750       ?_Orphan_range@?$vector@UTriangle@@V?$allocator@UTriangle@@@std@@@std@@AEBAXPEAUTriangle@@0@Z 0000000140002750 f i obj_loader.obj
 0001:00001750       ?_Orphan_range@?$vector@UVector3@@V?$allocator@UVector3@@@std@@@std@@AEBAXPEAUVector3@@0@Z 0000000140002750 f i obj_loader.obj
 0001:00001760       ??$_Pocma@V?$allocator@I@std@@@std@@YAXAEAV?$allocator@I@0@0@Z 0000000140002760 f i game.obj
 0001:00001760       ??$_Pocma@V?$allocator@UTriangle@@@std@@@std@@YAXAEAV?$allocator@UTriangle@@@0@0@Z 0000000140002760 f i game.obj
 0001:00001760       ??$_Pocma@V?$allocator@UVector3@@@std@@@std@@YAXAEAV?$allocator@UVector3@@@0@0@Z 0000000140002760 f i game.obj
 0001:00001780       ??$_Unfancy@UTriangle@@@std@@YAPEAUTriangle@@PEAU1@@Z 0000000140002780 f i obj_loader.obj
 0001:00001780       ??$_Unfancy@UVector3@@@std@@YAPEAUVector3@@PEAU1@@Z 0000000140002780 f i obj_loader.obj
 0001:00001780       ??$addressof@UTriangle@@@std@@YAPEAUTriangle@@AEAU1@@Z 0000000140002780 f i obj_loader.obj
 0001:00001780       ??$addressof@UVector3@@@std@@YAPEAUVector3@@AEAU1@@Z 0000000140002780 f i obj_loader.obj
 0001:00001780       ??$addressof@V?$vector@IV?$allocator@I@std@@@std@@@std@@YAPEAV?$vector@IV?$allocator@I@std@@@0@AEAV10@@Z 0000000140002780 f i game.obj
 0001:00001780       ??$addressof@V?$vector@UTriangle@@V?$allocator@UTriangle@@@std@@@std@@@std@@YAPEAV?$vector@UTriangle@@V?$allocator@UTriangle@@@std@@@0@AEAV10@@Z 0000000140002780 f i game.obj
 0001:00001780       ??$addressof@V?$vector@UVector3@@V?$allocator@UVector3@@@std@@@std@@@std@@YAPEAV?$vector@UVector3@@V?$allocator@UVector3@@@std@@@0@AEAV10@@Z 0000000140002780 f i game.obj
 0001:00001780       ??$forward@AEBUVector3@@@std@@YAAEBUVector3@@AEBU1@@Z 0000000140002780 f i obj_loader.obj
 0001:00001780       ??$forward@UTriangle@@@std@@YA$$QEAUTriangle@@AEAU1@@Z 0000000140002780 f i obj_loader.obj
 0001:00001780       ??$forward@UVector3@@@std@@YA$$QEAUVector3@@AEAU1@@Z 0000000140002780 f i obj_loader.obj
 0001:00001780       ??$move@AEAPEAUTriangle@@@std@@YA$$QEAPEAUTriangle@@AEAPEAU1@@Z 0000000140002780 f i obj_loader.obj
 0001:00001780       ??$move@AEAPEAUVector3@@@std@@YA$$QEAPEAUVector3@@AEAPEAU1@@Z 0000000140002780 f i obj_loader.obj
 0001:00001780       ??$move@AEAUTriangle@@@std@@YA$$QEAUTriangle@@AEAU1@@Z 0000000140002780 f i obj_loader.obj
 0001:00001780       ??$move@AEAUVector3@@@std@@YA$$QEAUVector3@@AEAU1@@Z 0000000140002780 f i obj_loader.obj
 0001:00001780       ??$move@AEAV?$allocator@I@std@@@std@@YA$$QEAV?$allocator@I@0@AEAV10@@Z 0000000140002780 f i game.obj
 0001:00001780       ??$move@AEAV?$allocator@UTriangle@@@std@@@std@@YA$$QEAV?$allocator@UTriangle@@@0@AEAV10@@Z 0000000140002780 f i game.obj
 0001:00001780       ??$move@AEAV?$allocator@UVector3@@@std@@@std@@YA$$QEAV?$allocator@UVector3@@@0@AEAV10@@Z 0000000140002780 f i game.obj
 0001:00001780       ??0?$allocator@I@std@@QEAA@XZ 0000000140002780 f i game.obj
 0001:00001780       ??0?$allocator@UTriangle@@@std@@QEAA@XZ 0000000140002780 f i game.obj
 0001:00001780       ??0?$allocator@UVector3@@@std@@QEAA@XZ 0000000140002780 f i game.obj
 0001:00001780       ?_Get_first@?$_Compressed_pair@V?$allocator@I@std@@V?$_Vector_val@U?$_Simple_types@I@std@@@2@$00@std@@QEAAAEAV?$allocator@I@2@XZ 0000000140002780 f i game.obj
 0001:00001780       ?_Get_first@?$_Compressed_pair@V?$allocator@UTriangle@@@std@@V?$_Vector_val@U?$_Simple_types@UTriangle@@@std@@@2@$00@std@@QEAAAEAV?$allocator@UTriangle@@@2@XZ 0000000140002780 f i game.obj
 0001:00001780       ?_Get_first@?$_Compressed_pair@V?$allocator@UTriangle@@@std@@V?$_Vector_val@U?$_Simple_types@UTriangle@@@std@@@2@$00@std@@QEBAAEBV?$allocator@UTriangle@@@2@XZ 0000000140002780 f i obj_loader.obj
 0001:00001780       ?_Get_first@?$_Compressed_pair@V?$allocator@UVector3@@@std@@V?$_Vector_val@U?$_Simple_types@UVector3@@@std@@@2@$00@std@@QEAAAEAV?$allocator@UVector3@@@2@XZ 0000000140002780 f i game.obj
 0001:00001780       ?_Get_first@?$_Compressed_pair@V?$allocator@UVector3@@@std@@V?$_Vector_val@U?$_Simple_types@UVector3@@@std@@@2@$00@std@@QEBAAEBV?$allocator@UVector3@@@2@XZ 0000000140002780 f i obj_loader.obj
 0001:00001790       ??0?$_Vector_val@U?$_Simple_types@I@std@@@std@@QEAA@XZ 0000000140002790 f i game.obj
 0001:00001790       ??0?$_Vector_val@U?$_Simple_types@UTriangle@@@std@@@std@@QEAA@XZ 0000000140002790 f i game.obj
 0001:00001790       ??0?$_Vector_val@U?$_Simple_types@UVector3@@@std@@@std@@QEAA@XZ 0000000140002790 f i game.obj
 0001:000017d0       ??0?$vector@IV?$allocator@I@std@@@std@@QEAA@XZ 00000001400027d0 f i game.obj
 0001:000017d0       ??0?$vector@UTriangle@@V?$allocator@UTriangle@@@std@@@std@@QEAA@XZ 00000001400027d0 f i game.obj
 0001:000017d0       ??0?$vector@UVector3@@V?$allocator@UVector3@@@std@@@std@@QEAA@XZ 00000001400027d0 f i game.obj
 0001:00001820       ??0Mesh@@QEAA@XZ           0000000140002820 f i game.obj
 0001:00001870       ??0Renderer@@QEAA@XZ       0000000140002870 f i game.obj
 0001:000018b0       ??0mat4x4@@QEAA@XZ         00000001400028b0 f i game.obj
 0001:000018d0       ??1?$vector@IV?$allocator@I@std@@@std@@QEAA@XZ 00000001400028d0 f i game.obj
 0001:000018f0       ??1?$vector@UTriangle@@V?$allocator@UTriangle@@@std@@@std@@QEAA@XZ 00000001400028f0 f i game.obj
 0001:00001910       ??1?$vector@UVector3@@V?$allocator@UVector3@@@std@@@std@@QEAA@XZ 0000000140002910 f i game.obj
 0001:00001930       ??1Mesh@@QEAA@XZ           0000000140002930 f i game.obj
 0001:00001970       ??4?$vector@IV?$allocator@I@std@@@std@@QEAAAEAV01@$$QEAV01@@Z 0000000140002970 f i game.obj
 0001:00001a00       ??4?$vector@UTriangle@@V?$allocator@UTriangle@@@std@@@std@@QEAAAEAV01@$$QEAV01@@Z 0000000140002a00 f i game.obj
 0001:00001a90       ??4?$vector@UVector3@@V?$allocator@UVector3@@@std@@@std@@QEAAAEAV01@$$QEAV01@@Z 0000000140002a90 f i game.obj
 0001:00001b20       ??4Mesh@@QEAAAEAU0@$$QEAU0@@Z 0000000140002b20 f i game.obj
 0001:00001b80       ?Cos@@YAMM@Z               0000000140002b80 f i game.obj
 0001:00001bb0       ?MakeIdentity@@YA?AUmat4x4@@XZ 0000000140002bb0 f i game.obj
 0001:00001ca0       ?MakeRotationX@@YA?AUmat4x4@@M@Z 0000000140002ca0 f i game.obj
 0001:00001df0       ?MakeRotationZ@@YA?AUmat4x4@@M@Z 0000000140002df0 f i game.obj
 0001:00001f40       ?Multiply@@YA?AUmat4x4@@AEBU1@0@Z 0000000140002f40 f i game.obj
 0001:00002130       ?Sin@@YAMM@Z               0000000140003130 f i game.obj
 0001:00002160       ?_Adjust_manually_vector_aligned@std@@YAXAEAPEAXAEA_K@Z 0000000140003160 f i game.obj
 0001:00002200       ?_Alloc_proxy@_Container_base0@std@@QEAAXAEBU_Fake_allocator@2@@Z 0000000140003200 f i game.obj
 0001:00002200       ?_Swap_proxy_and_iterators@_Container_base0@std@@QEAAXAEAU12@@Z 0000000140003200 f i game.obj
 0001:00002210       ?_Getal@?$vector@IV?$allocator@I@std@@@std@@AEAAAEAV?$allocator@I@2@XZ 0000000140003210 f i game.obj
 0001:00002210       ?_Getal@?$vector@UTriangle@@V?$allocator@UTriangle@@@std@@@std@@AEAAAEAV?$allocator@UTriangle@@@2@XZ 0000000140003210 f i game.obj
 0001:00002210       ?_Getal@?$vector@UTriangle@@V?$allocator@UTriangle@@@std@@@std@@AEBAAEBV?$allocator@UTriangle@@@2@XZ 0000000140003210 f i obj_loader.obj
 0001:00002210       ?_Getal@?$vector@UVector3@@V?$allocator@UVector3@@@std@@@std@@AEAAAEAV?$allocator@UVector3@@@2@XZ 0000000140003210 f i game.obj
 0001:00002210       ?_Getal@?$vector@UVector3@@V?$allocator@UVector3@@@std@@@std@@AEBAAEBV?$allocator@UVector3@@@2@XZ 0000000140003210 f i obj_loader.obj
 0001:00002230       ?_Orphan_all@_Container_base0@std@@QEAAXXZ 0000000140003230 f i game.obj
 0001:00002240       ?_Take_contents@?$_Vector_val@U?$_Simple_types@I@std@@@std@@QEAAXAEAV12@@Z 0000000140003240 f i game.obj
 0001:00002240       ?_Take_contents@?$_Vector_val@U?$_Simple_types@UTriangle@@@std@@@std@@QEAAXAEAV12@@Z 0000000140003240 f i game.obj
 0001:00002240       ?_Take_contents@?$_Vector_val@U?$_Simple_types@UVector3@@@std@@@std@@QEAAXAEAV12@@Z 0000000140003240 f i game.obj
 0001:000022c0       ?_Tidy@?$vector@IV?$allocator@I@std@@@std@@AEAAXXZ 00000001400032c0 f i game.obj
 0001:00002390       ?_Tidy@?$vector@UTriangle@@V?$allocator@UTriangle@@@std@@@std@@AEAAXXZ 0000000140003390 f i game.obj
 0001:00002470       ?_Tidy@?$vector@UVector3@@V?$allocator@UVector3@@@std@@@std@@AEAAXXZ 0000000140003470 f i game.obj
 0001:00002550       ?deallocate@?$allocator@I@std@@QEAAXQEAI_K@Z 0000000140003550 f i game.obj
 0001:00002580       ?deallocate@?$allocator@UTriangle@@@std@@QEAAXQEAUTriangle@@_K@Z 0000000140003580 f i game.obj
 0001:000025b0       ?deallocate@?$allocator@UVector3@@@std@@QEAAXQEAUVector3@@_K@Z 00000001400035b0 f i game.obj
 0001:00002930       ?Init@@YAXPEAURenderer@@@Z 0000000140003930 f   renderer.obj
 0001:00002a40       ?PushClear@@YAXPEAURenderCommandBuffer@@I@Z 0000000140003a40 f   renderer.obj
 0001:00002aa0       ?PushMesh@@YAXPEAURenderCommandBuffer@@PEAUMesh@@Umat4x4@@@Z 0000000140003aa0 f   renderer.obj
 0001:00002b20       ?Renderer_Execute@@YAXPEAURenderer@@PEAURenderCommandBuffer@@@Z 0000000140003b20 f   renderer.obj
 0001:00002d80       ?DrawMesh@@YAXPEAURenderer@@PEAUMesh@@Umat4x4@@@Z 0000000140003d80 f   renderer.obj
 0001:00002e00       ?DrawTriangleFromMesh@@YAXPEAURenderer@@AEAUTriangle@@AEAUmat4x4@@@Z 0000000140003e00 f   renderer.obj
 0001:00003520       ?FillScreen@@YAXPEAURenderer@@I@Z 0000000140004520 f   renderer.obj
 0001:000035e0       ?DrawLine@@YAXPEAURenderer@@PEAUPair@@1I@Z 00000001400045e0 f   renderer.obj
 0001:000037c0       ??A?$vector@UTriangle@@V?$allocator@UTriangle@@@std@@@std@@QEAAAEAUTriangle@@_K@Z 00000001400047c0 f i renderer.obj
 0001:000037f0       ?DrawTriangle@@YAXPEAURenderer@@PEAUPair@@11I@Z 00000001400047f0 f i renderer.obj
 0001:00003860       ?size@?$vector@UTriangle@@V?$allocator@UTriangle@@@std@@@std@@QEBA_KXZ 0000000140004860 f i renderer.obj
 0001:000038a0       ?LoadMeshFromObjMemory@@YA_NPEAX_KPEAUMesh@@@Z 00000001400048a0 f   obj_loader.obj
 0001:00003c50       ??$_Allocate@$0BA@U_Default_allocate_traits@std@@@std@@YAPEAX_K@Z 0000000140004c50 f i obj_loader.obj
 0001:00003c90       ??$_Allocate_at_least_helper@V?$allocator@UTriangle@@@std@@@std@@YAPEAUTriangle@@AEAV?$allocator@UTriangle@@@0@AEA_K@Z 0000000140004c90 f i obj_loader.obj
 0001:00003cc0       ??$_Allocate_at_least_helper@V?$allocator@UVector3@@@std@@@std@@YAPEAUVector3@@AEAV?$allocator@UVector3@@@0@AEA_K@Z 0000000140004cc0 f i obj_loader.obj
 0001:00003cf0       ??$_Allocate_manually_vector_aligned@U_Default_allocate_traits@std@@@std@@YAPEAX_K@Z 0000000140004cf0 f i obj_loader.obj
 0001:00003d80       ??$_Construct_in_place@UTriangle@@U1@@std@@YAXAEAUTriangle@@$$QEAU1@@Z 0000000140004d80 f i obj_loader.obj
 0001:00003dd0       ??$_Construct_in_place@UVector3@@AEBU1@@std@@YAXAEAUVector3@@AEBU1@@Z 0000000140004dd0 f i obj_loader.obj
 0001:00003e20       ??$_Copy_memmove@PEAUTriangle@@PEAU1@@std@@YAPEAUTriangle@@PEAU1@00@Z 0000000140004e20 f i obj_loader.obj
 0001:00003ec0       ??$_Copy_memmove@PEAUVector3@@PEAU1@@std@@YAPEAUVector3@@PEAU1@00@Z 0000000140004ec0 f i obj_loader.obj
 0001:00003f60       ??$_Copy_memmove_tail@PEAUTriangle@@@std@@YAPEAUTriangle@@QEBDQEAU1@_K2@Z 0000000140004f60 f i obj_loader.obj
 0001:00003f60       ??$_Copy_memmove_tail@PEAUVector3@@@std@@YAPEAUVector3@@QEBDQEAU1@_K2@Z 0000000140004f60 f i obj_loader.obj
 0001:00003fc0       ??$_Emplace_back@UTriangle@@@?$_Uninitialized_backout_al@V?$allocator@UTriangle@@@std@@@std@@QEAAX$$QEAUTriangle@@@Z 0000000140004fc0 f i obj_loader.obj
 0001:00004020       ??$_Emplace_back@UVector3@@@?$_Uninitialized_backout_al@V?$allocator@UVector3@@@std@@@std@@QEAAX$$QEAUVector3@@@Z 0000000140005020 f i obj_loader.obj
 0001:00004080       ??$_Emplace_back_with_unused_capacity@AEBUVector3@@@?$vector@UVector3@@V?$allocator@UVector3@@@std@@@std@@AEAAAEAUVector3@@AEBU2@@Z 0000000140005080 f i obj_loader.obj
 0001:00004110       ??$_Emplace_back_with_unused_capacity@UTriangle@@@?$vector@UTriangle@@V?$allocator@UTriangle@@@std@@@std@@AEAAAEAUTriangle@@$$QEAU2@@Z 0000000140005110 f i obj_loader.obj
 0001:000041a0       ??$_Emplace_one_at_back@AEBUVector3@@@?$vector@UVector3@@V?$allocator@UVector3@@@std@@@std@@AEAAAEAUVector3@@AEBU2@@Z 00000001400051a0 f i obj_loader.obj
 0001:00004220       ??$_Emplace_one_at_back@UTriangle@@@?$vector@UTriangle@@V?$allocator@UTriangle@@@std@@@std@@AEAAAEAUTriangle@@$$QEAU2@@Z 0000000140005220 f i obj_loader.obj
 0001:000042a0       ??$_Emplace_reallocate@AEBUVector3@@@?$vector@UVector3@@V?$allocator@UVector3@@@std@@@std@@AEAAPEAUVector3@@QEAU2@AEBU2@@Z 00000001400052a0 f i obj_loader.obj
 0001:00004530       ??$_Emplace_reallocate@UTriangle@@@?$vector@UTriangle@@V?$allocator@UTriangle@@@std@@@std@@AEAAPEAUTriangle@@QEAU2@$$QEAU2@@Z 0000000140005530 f i obj_loader.obj
 0001:000047c0       ??$_Get_size_of_n@$0CE@@std@@YA_K_K@Z 00000001400057c0 f i obj_loader.obj
 0001:00004800       ??$_Get_size_of_n@$0M@@std@@YA_K_K@Z 0000000140005800 f i obj_loader.obj
 0001:00004840       ??$_Get_unwrapped@AEBQEAUTriangle@@@std@@YA?A_TAEBQEAUTriangle@@@Z 0000000140005840 f i obj_loader.obj
 0001:00004840       ??$_Get_unwrapped@AEBQEAUVector3@@@std@@YA?A_TAEBQEAUVector3@@@Z 0000000140005840 f i obj_loader.obj
 0001:00004840       ??$_To_address@PEAUTriangle@@@std@@YA?A_PAEBQEAUTriangle@@@Z 0000000140005840 f i obj_loader.obj
 0001:00004840       ??$_To_address@PEAUVector3@@@std@@YA?A_PAEBQEAUVector3@@@Z 0000000140005840 f i obj_loader.obj
 0001:00004850       ??$_Max_limit@_J@std@@YA_JXZ 0000000140005850 f i obj_loader.obj
 0001:00004870       ??$_Uninitialized_move@PEAUTriangle@@V?$allocator@UTriangle@@@std@@@std@@YAPEAUTriangle@@QEAU1@0PEAU1@AEAV?$allocator@UTriangle@@@0@@Z 0000000140005870 f i obj_loader.obj
 0001:00004960       ??$_Uninitialized_move@PEAUVector3@@V?$allocator@UVector3@@@std@@@std@@YAPEAUVector3@@QEAU1@0PEAU1@AEAV?$allocator@UVector3@@@0@@Z 0000000140005960 f i obj_loader.obj
 0001:00004a50       ??$construct@UTriangle@@U1@@?$_Default_allocator_traits@V?$allocator@UTriangle@@@std@@@std@@SAXAEAV?$allocator@UTriangle@@@1@QEAUTriangle@@$$QEAU3@@Z 0000000140005a50 f i obj_loader.obj
 0001:00004aa0       ??$construct@UVector3@@AEBU1@@?$_Default_allocator_traits@V?$allocator@UVector3@@@std@@@std@@SAXAEAV?$allocator@UVector3@@@1@QEAUVector3@@AEBU3@@Z 0000000140005aa0 f i obj_loader.obj
 0001:00004aa0       ??$construct@UVector3@@U1@@?$_Default_allocator_traits@V?$allocator@UVector3@@@std@@@std@@SAXAEAV?$allocator@UVector3@@@1@QEAUVector3@@$$QEAU3@@Z 0000000140005aa0 f i obj_loader.obj
 0001:00004af0       ??$min@_K@std@@YAAEB_KAEB_K0@Z 0000000140005af0 f i obj_loader.obj
 0001:00004b40       ??0?$_Uninitialized_backout_al@V?$allocator@UTriangle@@@std@@@std@@QEAA@PEAUTriangle@@AEAV?$allocator@UTriangle@@@1@@Z 0000000140005b40 f i obj_loader.obj
 0001:00004b40       ??0?$_Uninitialized_backout_al@V?$allocator@UVector3@@@std@@@std@@QEAA@PEAUVector3@@AEAV?$allocator@UVector3@@@1@@Z 0000000140005b40 f i obj_loader.obj
 0001:00004b80       ??0bad_alloc@std@@AEAA@QEBD@Z 0000000140005b80 f i obj_loader.obj
 0001:00004bc0       ??0bad_alloc@std@@QEAA@AEBV01@@Z 0000000140005bc0 f i obj_loader.obj
 0001:00004c00       ??0bad_array_new_length@std@@QEAA@AEBV01@@Z 0000000140005c00 f i obj_loader.obj
 0001:00004c40       ??0bad_array_new_length@std@@QEAA@XZ 0000000140005c40 f i obj_loader.obj
 0001:00004c80       ??0exception@std@@QEAA@AEBV01@@Z 0000000140005c80 f i obj_loader.obj
 0001:00004ce0       ??0exception@std@@QEAA@QEBDH@Z 0000000140005ce0 f i obj_loader.obj
 0001:00004d30       ??1?$_Uninitialized_backout_al@V?$allocator@UTriangle@@@std@@@std@@QEAA@XZ 0000000140005d30 f i obj_loader.obj
 0001:00004d30       ??1?$_Uninitialized_backout_al@V?$allocator@UVector3@@@std@@@std@@QEAA@XZ 0000000140005d30 f i obj_loader.obj
 0001:00004d60       ??1_Reallocation_guard@?$vector@UTriangle@@V?$allocator@UTriangle@@@std@@@std@@QEAA@XZ 0000000140005d60 f i obj_loader.obj
 0001:00004dc0       ??1_Reallocation_guard@?$vector@UVector3@@V?$allocator@UVector3@@@std@@@std@@QEAA@XZ 0000000140005dc0 f i obj_loader.obj
 0001:00004e20       ??1bad_alloc@std@@UEAA@XZ  0000000140005e20 f i obj_loader.obj
 0001:00004e40       ??1bad_array_new_length@std@@UEAA@XZ 0000000140005e40 f i obj_loader.obj
 0001:00004e60       ??1exception@std@@UEAA@XZ  0000000140005e60 f i obj_loader.obj
 0001:00004e90       ??2@YAPEAX_KPEAX@Z         0000000140005e90 f i obj_loader.obj
 0001:00004ea0       ??A?$vector@UVector3@@V?$allocator@UVector3@@@std@@@std@@QEAAAEAUVector3@@_K@Z 0000000140005ea0 f i obj_loader.obj
 0001:00004ed0       ??_Ebad_alloc@std@@UEAAPEAXI@Z 0000000140005ed0 f i obj_loader.obj
 0001:00004ed0       ??_Gbad_alloc@std@@UEAAPEAXI@Z 0000000140005ed0 f i obj_loader.obj
 0001:00004f10       ??_Ebad_array_new_length@std@@UEAAPEAXI@Z 0000000140005f10 f i obj_loader.obj
 0001:00004f10       ??_Gbad_array_new_length@std@@UEAAPEAXI@Z 0000000140005f10 f i obj_loader.obj
 0001:00004f50       ??_Eexception@std@@UEAAPEAXI@Z 0000000140005f50 f i obj_loader.obj
 0001:00004f50       ??_Gexception@std@@UEAAPEAXI@Z 0000000140005f50 f i obj_loader.obj
 0001:00004f90       ?_Allocate@_Default_allocate_traits@std@@SAPEAX_K@Z 0000000140005f90 f i obj_loader.obj
 0001:00004fb0       ?_Calculate_growth@?$vector@UTriangle@@V?$allocator@UTriangle@@@std@@@std@@AEBA_K_K@Z 0000000140005fb0 f i obj_loader.obj
 0001:00005040       ?_Calculate_growth@?$vector@UVector3@@V?$allocator@UVector3@@@std@@@std@@AEBA_K_K@Z 0000000140006040 f i obj_loader.obj
 0001:000050d0       ?_Change_array@?$vector@UTriangle@@V?$allocator@UTriangle@@@std@@@std@@AEAAXQEAUTriangle@@_K1@Z 00000001400060d0 f i obj_loader.obj
 0001:000051d0       ?_Change_array@?$vector@UVector3@@V?$allocator@UVector3@@@std@@@std@@AEAAXQEAUVector3@@_K1@Z 00000001400061d0 f i obj_loader.obj
 0001:000052d0       ?_Release@?$_Uninitialized_backout_al@V?$allocator@UTriangle@@@std@@@std@@QEAAPEAUTriangle@@XZ 00000001400062d0 f i obj_loader.obj
 0001:000052d0       ?_Release@?$_Uninitialized_backout_al@V?$allocator@UVector3@@@std@@@std@@QEAAPEAUVector3@@XZ 00000001400062d0 f i obj_loader.obj
 0001:000052f0       ?_Throw_bad_array_new_length@std@@YAXXZ 00000001400062f0 f i obj_loader.obj
 0001:00005320       ?_Xlength@?$vector@UTriangle@@V?$allocator@UTriangle@@@std@@@std@@CAXXZ 0000000140006320 f i obj_loader.obj
 0001:00005320       ?_Xlength@?$vector@UVector3@@V?$allocator@UVector3@@@std@@@std@@CAXXZ 0000000140006320 f i obj_loader.obj
 0001:00005340       ?allocate@?$allocator@UTriangle@@@std@@QEAAPEAUTriangle@@_K@Z 0000000140006340 f i obj_loader.obj
 0001:00005370       ?allocate@?$allocator@UVector3@@@std@@QEAAPEAUVector3@@_K@Z 0000000140006370 f i obj_loader.obj
 0001:000053a0       ?capacity@?$vector@UTriangle@@V?$allocator@UTriangle@@@std@@@std@@QEBA_KXZ 00000001400063a0 f i obj_loader.obj
 0001:000053e0       ?capacity@?$vector@UVector3@@V?$allocator@UVector3@@@std@@@std@@QEBA_KXZ 00000001400063e0 f i obj_loader.obj
 0001:00005420       ?max_size@?$_Default_allocator_traits@V?$allocator@UTriangle@@@std@@@std@@SA_KAEBV?$allocator@UTriangle@@@2@@Z 0000000140006420 f i obj_loader.obj
 0001:00005430       ?max_size@?$_Default_allocator_traits@V?$allocator@UVector3@@@std@@@std@@SA_KAEBV?$allocator@UVector3@@@2@@Z 0000000140006430 f i obj_loader.obj
 0001:00005440       ?max_size@?$vector@UTriangle@@V?$allocator@UTriangle@@@std@@@std@@QEBA_KXZ 0000000140006440 f i obj_loader.obj
 0001:00005490       ?max_size@?$vector@UVector3@@V?$allocator@UVector3@@@std@@@std@@QEBA_KXZ 0000000140006490 f i obj_loader.obj
 0001:000054e0       ?push_back@?$vector@UTriangle@@V?$allocator@UTriangle@@@std@@@std@@QEAAX$$QEAUTriangle@@@Z 00000001400064e0 f i obj_loader.obj
 0001:00005510       ?push_back@?$vector@UVector3@@V?$allocator@UVector3@@@std@@@std@@QEAAXAEBUVector3@@@Z 0000000140006510 f i obj_loader.obj
 0001:00005540       ?what@exception@std@@UEBAPEBDXZ 0000000140006540 f i obj_loader.obj
 0001:00005580       __local_stdio_scanf_options 0000000140006580 f i obj_loader.obj
 0001:00005590       _vsscanf_s_l               0000000140006590 f i obj_loader.obj
 0001:000055f0       sscanf_s                   00000001400065f0 f i obj_loader.obj
 0001:00005640       vsscanf_s                  0000000140006640 f i obj_loader.obj
 0001:00005670       ??0bad_alloc@std@@QEAA@XZ  0000000140006670 f i libcpmt:xthrow.obj
 0001:00005694       ??0length_error@std@@QEAA@AEBV01@@Z 0000000140006694 f i libcpmt:xthrow.obj
 0001:000056d0       ??0length_error@std@@QEAA@PEBD@Z 00000001400066d0 f i libcpmt:xthrow.obj
 0001:00005718       ??0logic_error@std@@QEAA@AEBV01@@Z 0000000140006718 f i libcpmt:xthrow.obj
 0001:00005754       ??1bad_exception@std@@UEAA@XZ 0000000140006754 f i libvcruntime:frame.obj
 0001:00005754       ??1length_error@std@@UEAA@XZ 0000000140006754 f i libcpmt:xthrow.obj
 0001:00005768       ??_Ebad_exception@std@@UEAAPEAXI@Z 0000000140006768 f i libvcruntime:frame.obj
 0001:00005768       ??_Elength_error@std@@UEAAPEAXI@Z 0000000140006768 f i libcpmt:xthrow.obj
 0001:00005768       ??_Elogic_error@std@@UEAAPEAXI@Z 0000000140006768 f i libcpmt:xthrow.obj
 0001:00005768       ??_Gbad_exception@std@@UEAAPEAXI@Z 0000000140006768 f i libvcruntime:frame.obj
 0001:00005768       ??_Glength_error@std@@UEAAPEAXI@Z 0000000140006768 f i libcpmt:xthrow.obj
 0001:00005768       ??_Glogic_error@std@@UEAAPEAXI@Z 0000000140006768 f i libcpmt:xthrow.obj
 0001:000057ac       ?_Xlength_error@std@@YAXPEBD@Z 00000001400067ac f   libcpmt:xthrow.obj
 0001:000057d0       __GSHandlerCheck           00000001400067d0 f   LIBCMT:gshandler.obj
 0001:000057f0       __GSHandlerCheckCommon     00000001400067f0 f   LIBCMT:gshandler.obj
 0001:00005860       __security_check_cookie    0000000140006860 f   LIBCMT:amdsecgs.obj
 0001:00005880       ??3@YAXPEAX_K@Z            0000000140006880 f   LIBCMT:delete_scalar_size.obj
 0001:00005888       __scrt_acquire_startup_lock 0000000140006888 f   LIBCMT:utility.obj
 0001:000058c4       __scrt_initialize_crt      00000001400068c4 f   LIBCMT:utility.obj
 0001:00005900       __scrt_initialize_onexit_tables 0000000140006900 f   LIBCMT:utility.obj
 0001:0000598c       __scrt_is_nonwritable_in_current_image 000000014000698c f   LIBCMT:utility.obj
 0001:00005a24       __scrt_release_startup_lock 0000000140006a24 f   LIBCMT:utility.obj
 0001:00005a48       __scrt_uninitialize_crt    0000000140006a48 f   LIBCMT:utility.obj
 0001:00005a74       _onexit                    0000000140006a74 f   LIBCMT:utility.obj
 0001:00005ab0       atexit                     0000000140006ab0 f   LIBCMT:utility.obj
 0001:00005ac8       ??2@YAPEAX_K@Z             0000000140006ac8 f   LIBCMT:new_scalar.obj
 0001:00005b04       ??_U@YAPEAX_K@Z            0000000140006b04 f   LIBCMT:new_array.obj
 0001:00005b0c       __raise_securityfailure    0000000140006b0c f   LIBCMT:gs_report.obj
 0001:00005b40       __report_gsfailure         0000000140006b40 f   LIBCMT:gs_report.obj
 0001:00005c14       __report_rangecheckfailure 0000000140006c14 f   LIBCMT:gs_report.obj
 0001:00005c28       __report_securityfailure   0000000140006c28 f   LIBCMT:gs_report.obj
 0001:00005dac       ??_Etype_info@@UEAAPEAXI@Z 0000000140006dac f i LIBCMT:std_type_info_static.obj
 0001:00005dac       ??_Gtype_info@@UEAAPEAXI@Z 0000000140006dac f i LIBCMT:std_type_info_static.obj
 0001:00006030       WinMainCRTStartup          0000000140007030 f   LIBCMT:exe_winmain.obj
 0001:00006044       ??3@YAXPEAX@Z              0000000140007044 f   LIBCMT:delete_scalar.obj
 0001:0000604c       __isa_available_init       000000014000704c f   LIBCMT:cpu_disp.obj
 0001:000062e4       _get_startup_argv_mode     00000001400072e4 f   LIBCMT:argv_mode.obj
 0001:000062ec       __scrt_is_ucrt_dll_in_use  00000001400072ec f   LIBCMT:ucrt_detection.obj
 0001:000062f8       __crt_debugger_hook        00000001400072f8 f   LIBCMT:utility_desktop.obj
 0001:00006304       __scrt_fastfail            0000000140007304 f   LIBCMT:utility_desktop.obj
 0001:00006450       __scrt_get_show_window_mode 0000000140007450 f   LIBCMT:utility_desktop.obj
 0001:0000648c       __scrt_initialize_mta      000000014000748c f   LIBCMT:utility_desktop.obj
 0001:00006494       __scrt_exe_initialize_mta  0000000140007494 f   LIBCMT:utility_desktop.obj
 0001:00006494       __scrt_initialize_winrt    0000000140007494 f   LIBCMT:utility_desktop.obj
 0001:00006494       __scrt_stub_for_initialize_mta 0000000140007494 f   LIBCMT:utility_desktop.obj
 0001:00006494       _get_startup_commit_mode   0000000140007494 f   LIBCMT:commit_mode.obj
 0001:00006494       _get_startup_new_mode      0000000140007494 f   LIBCMT:new_mode.obj
 0001:00006494       _get_startup_thread_locale_mode 0000000140007494 f   LIBCMT:thread_locale.obj
 0001:00006494       _matherr                   0000000140007494 f   LIBCMT:matherr.obj
 0001:00006498       __scrt_is_managed_app      0000000140007498 f   LIBCMT:utility_desktop.obj
 0001:000064ec       __scrt_set_unhandled_exception_filter 00000001400074ec f   LIBCMT:utility_desktop.obj
 0001:000064fc       __scrt_unhandled_exception_filter 00000001400074fc f   LIBCMT:utility_desktop.obj
 0001:00006560       _guard_check_icall_nop     0000000140007560 f i LIBCMT:guard_support.obj
 0001:00006560       _initialize_denormal_control 0000000140007560 f i LIBCMT:denormal_control.obj
 0001:00006560       _initialize_invalid_parameter_handler 0000000140007560 f i LIBCMT:invalid_parameter_handler.obj
 0001:00006564       ?__scrt_throw_std_bad_alloc@@YAXXZ 0000000140007564 f   LIBCMT:throw_bad_alloc.obj
 0001:00006584       ?__scrt_throw_std_bad_array_new_length@@YAXXZ 0000000140007584 f   LIBCMT:throw_bad_alloc.obj
 0001:000065a4       __security_init_cookie     00000001400075a4 f   LIBCMT:gs_support.obj
 0001:00006654       _get_startup_file_mode     0000000140007654 f   LIBCMT:file_mode.obj
 0001:0000665c       ?__scrt_initialize_type_info@@YAXXZ 000000014000765c f   LIBCMT:tncleanup.obj
 0001:0000666c       __acrt_uninitialize_command_line 000000014000766c f   libucrt:argv_data.obj
 0001:0000666c       _should_initialize_environment 000000014000766c f   LIBCMT:env_mode.obj
 0001:00006670       __scrt_initialize_default_local_stdio_options 0000000140007670 f   LIBCMT:default_local_stdio_options.obj
 0001:0000668c       __scrt_is_user_matherr_present 000000014000768c f   LIBCMT:matherr_detection.obj
 0001:00006698       __scrt_get_dyn_tls_init_callback 0000000140007698 f   LIBCMT:dyn_tls_init.obj
 0001:000066a0       __scrt_get_dyn_tls_dtor_callback 00000001400076a0 f   LIBCMT:dyn_tls_dtor.obj
 0001:000066a8       _RTC_Initialize            00000001400076a8 f   LIBCMT:initsect.obj
 0001:000066e4       _RTC_Terminate             00000001400076e4 f   LIBCMT:initsect.obj
 0001:00006720       strrchr                    0000000140007720 f   libvcruntime:strrchr.obj
 0001:00006850       __std_exception_copy       0000000140007850 f   libvcruntime:std_exception.obj
 0001:000068d0       __std_exception_destroy    00000001400078d0 f   libvcruntime:std_exception.obj
 0001:000068f8       _CxxThrowException         00000001400078f8 f   libvcruntime:throw.obj
 0001:000069a0       __vcrt_initialize          00000001400079a0 f   libvcruntime:initialization.obj
 0001:000069c8       __vcrt_uninitialize        00000001400079c8 f   libvcruntime:initialization.obj
 0001:000069e4       __C_specific_handler       00000001400079e4 f   libvcruntime:riscchandler.obj
 0001:00006bfc       __DestructExceptionObject  0000000140007bfc f   libvcruntime:ehhelpers.obj
 0001:00006c70       ?_CallMemberFunction0@@YAXQEAX0@Z 0000000140007c70 f i libvcruntime:ehhelpers.obj
 0001:00006c74       _IsExceptionObjectToBeDestroyed 0000000140007c74 f   libvcruntime:ehhelpers.obj
 0001:00006ca4       __AdjustPointer            0000000140007ca4 f   libvcruntime:ehhelpers.obj
 0001:00006cc8       __FrameUnwindFilter        0000000140007cc8 f   libvcruntime:ehhelpers.obj
 0001:00006d30       __current_exception        0000000140007d30 f   libvcruntime:ehhelpers.obj
 0001:00006d44       __current_exception_context 0000000140007d44 f   libvcruntime:ehhelpers.obj
 0001:00006d58       __std_terminate            0000000140007d58 f   libvcruntime:ehhelpers.obj
 0001:00006d70       __std_type_info_compare    0000000140007d70 f   libvcruntime:std_type_info.obj
 0001:00006d88       __vcrt_freefls             0000000140007d88 f   libvcruntime:per_thread_data.obj
 0001:00006da8       __vcrt_getptd              0000000140007da8 f   libvcruntime:per_thread_data.obj
 0001:00006dc4       __vcrt_getptd_noexit       0000000140007dc4 f   libvcruntime:per_thread_data.obj
 0001:00006e90       __vcrt_initialize_ptd      0000000140007e90 f   libvcruntime:per_thread_data.obj
 0001:00006ed8       __vcrt_uninitialize_ptd    0000000140007ed8 f   libvcruntime:per_thread_data.obj
 0001:00006f00       __vcrt_initialize_locks    0000000140007f00 f   libvcruntime:locks.obj
 0001:00006f48       __vcrt_uninitialize_locks  0000000140007f48 f   libvcruntime:locks.obj
 0001:00006fb0       _NLG_Notify                0000000140007fb0 f   libvcruntime:notify.obj
 0001:00006fd0       __NLG_Dispatch2            0000000140007fd0 f   libvcruntime:notify.obj
 0001:00006fe0       __NLG_Return2              0000000140007fe0 f   libvcruntime:notify.obj
 0001:00006fe4       __except_validate_context_record 0000000140007fe4 f   libvcruntime:jbcxrval.obj
 0001:0000716c       __vcrt_FlsAlloc            000000014000816c f   libvcruntime:winapi_downlevel.obj
 0001:000071b4       __vcrt_FlsFree             00000001400081b4 f   libvcruntime:winapi_downlevel.obj
 0001:000071fc       __vcrt_FlsGetValue         00000001400081fc f   libvcruntime:winapi_downlevel.obj
 0001:00007244       __vcrt_FlsSetValue         0000000140008244 f   libvcruntime:winapi_downlevel.obj
 0001:00007298       __vcrt_InitializeCriticalSectionEx 0000000140008298 f   libvcruntime:winapi_downlevel.obj
 0001:000072fc       ??$_CallSETranslator@V__FrameHandler3@@@@YAHPEAUEHExceptionRecord@@PEA_KPEAU_CONTEXT@@PEAU_xDISPATCHER_CONTEXT@@PEBU_s_FuncInfo@@K1H@Z 00000001400082fc f i libvcruntime:risctrnsctrl.obj
 0001:00007350       ?CatchTryBlock@__FrameHandler3@@SAPEBU_s_TryBlockMapEntry@@PEBU_s_FuncInfo@@H@Z 0000000140008350 f   libvcruntime:risctrnsctrl.obj
 0001:000073b4       ?ExecutionInCatch@__FrameHandler3@@SA_NPEAU_xDISPATCHER_CONTEXT@@PEBU_s_FuncInfo@@@Z 00000001400083b4 f   libvcruntime:risctrnsctrl.obj
 0001:000073e0       ?FrameUnwindToEmptyState@__FrameHandler3@@SAXPEA_KPEAU_xDISPATCHER_CONTEXT@@PEBU_s_FuncInfo@@@Z 00000001400083e0 f   libvcruntime:risctrnsctrl.obj
 0001:00007444       ?GetEstablisherFrame@__FrameHandler3@@SAPEA_KPEA_KPEAU_xDISPATCHER_CONTEXT@@PEBU_s_FuncInfo@@0@Z 0000000140008444 f   libvcruntime:risctrnsctrl.obj
 0001:0000752c       ?GetRangeOfTrysToCheck@__FrameHandler3@@SA?AU?$pair@Viterator@TryBlockMap@__FrameHandler3@@V123@@std@@AEAVTryBlockMap@1@HPEAU_xDISPATCHER_CONTEXT@@PEBU_s_FuncInfo@@H@Z 000000014000852c f   libvcruntime:risctrnsctrl.obj
 0001:00007664       ?UnwindNestedFrames@__FrameHandler3@@SAXPEA_KPEAUEHExceptionRecord@@PEAU_CONTEXT@@0PEAXPEBU_s_FuncInfo@@HHPEBU_s_HandlerType@@PEAU_xDISPATCHER_CONTEXT@@E@Z 0000000140008664 f   libvcruntime:risctrnsctrl.obj
 0001:00007768       _CreateFrameInfo           0000000140008768 f   libvcruntime:risctrnsctrl.obj
 0001:000077a4       _FindAndUnlinkFrame        00000001400087a4 f   libvcruntime:risctrnsctrl.obj
 0001:000077f8       _GetImageBase              00000001400087f8 f   libvcruntime:risctrnsctrl.obj
 0001:0000780c       _GetThrowImageBase         000000014000880c f   libvcruntime:risctrnsctrl.obj
 0001:00007820       _SetImageBase              0000000140008820 f   libvcruntime:risctrnsctrl.obj
 0001:00007838       _SetThrowImageBase         0000000140008838 f   libvcruntime:risctrnsctrl.obj
 0001:00007850       __CxxFrameHandler3         0000000140008850 f   libvcruntime:risctrnsctrl.obj
 0001:000078d8       ?GetCurrentState@__FrameHandler3@@SAHPEA_KPEAU_xDISPATCHER_CONTEXT@@PEBU_s_FuncInfo@@@Z 00000001400088d8 f   libvcruntime:ehstate.obj
 0001:00007900       ?GetUnwindTryBlock@__FrameHandler3@@SAHPEA_KPEAU_xDISPATCHER_CONTEXT@@PEBU_s_FuncInfo@@@Z 0000000140008900 f   libvcruntime:ehstate.obj
 0001:0000792c       ?SetState@__FrameHandler3@@SAXPEA_KPEBU_s_FuncInfo@@H@Z 000000014000892c f   libvcruntime:ehstate.obj
 0001:00007938       ?SetUnwindTryBlock@__FrameHandler3@@SAXPEA_KPEAU_xDISPATCHER_CONTEXT@@PEBU_s_FuncInfo@@H@Z 0000000140008938 f   libvcruntime:ehstate.obj
 0001:00007974       ?StateFromControlPc@__FrameHandler3@@SAHPEBU_s_FuncInfo@@PEAU_xDISPATCHER_CONTEXT@@@Z 0000000140008974 f   libvcruntime:ehstate.obj
 0001:0000797c       ?StateFromIp@__FrameHandler3@@SAHPEBU_s_FuncInfo@@PEAU_xDISPATCHER_CONTEXT@@_K@Z 000000014000897c f   libvcruntime:ehstate.obj
 0001:000084c4       ??$TypeMatchHelper@V__FrameHandler3@@@@YAHPEBU_s_HandlerType@@PEBU_s_CatchableType@@PEBU_s_ThrowInfo@@@Z 00000001400094c4 f i libvcruntime:frame.obj
 0001:000085e4       ??$__InternalCxxFrameHandler@V__FrameHandler3@@@@YA?AW4_EXCEPTION_DISPOSITION@@PEAUEHExceptionRecord@@PEA_KPEAU_CONTEXT@@PEAU_xDISPATCHER_CONTEXT@@PEBU_s_FuncInfo@@H1E@Z 00000001400095e4 f i libvcruntime:frame.obj
 0001:00008814       ??$__InternalCxxFrameHandlerWrapper@V__FrameHandler3@@@@YA?AW4_EXCEPTION_DISPOSITION@@PEAUEHExceptionRecord@@PEA_KPEAU_CONTEXT@@PEAU_xDISPATCHER_CONTEXT@@PEBU_s_FuncInfo@@H1E@Z 0000000140009814 f i libvcruntime:frame.obj
 0001:0000881c       ??0bad_exception@std@@QEAA@AEBV01@@Z 000000014000981c f i libvcruntime:frame.obj
 0001:00008858       ??0bad_exception@std@@QEAA@XZ 0000000140009858 f i libvcruntime:frame.obj
 0001:0000887c       ?CxxCallCatchBlock@__FrameHandler3@@SAPEAXPEAU_EXCEPTION_RECORD@@@Z 000000014000987c f   libvcruntime:frame.obj
 0001:00008b00       ?FrameUnwindToState@__FrameHandler3@@SAXPEA_KPEAU_xDISPATCHER_CONTEXT@@PEBU_s_FuncInfo@@H@Z 0000000140009b00 f   libvcruntime:frame.obj
 0001:00008c8c       ?GetHandlerSearchState@__FrameHandler3@@SAHPEA_KPEAU_xDISPATCHER_CONTEXT@@PEBU_s_FuncInfo@@@Z 0000000140009c8c f i libvcruntime:frame.obj
 0001:00008e94       ?_CallMemberFunction1@@YAXQEAX00@Z 0000000140009e94 f i libvcruntime:frame.obj
 0001:00008ea0       ?_CallMemberFunction2@@YAXQEAX00H@Z 0000000140009ea0 f i libvcruntime:frame.obj
 0001:00008ef0       _CallSettingFrame          0000000140009ef0 f   libvcruntime:handlers.obj
 0001:000090e0       ??$ensure_buffer_is_big_enough@D@formatting_buffer@__crt_stdio_output@@QEAA_N_KAEAV__crt_cached_ptd_host@@@Z 000000014000a0e0 f i libucrt:output.obj
 0001:00009188       ??$parse_integer@KV?$c_string_character_source@D@__crt_strtox@@$0A@@__crt_strtox@@YAKAEAV__crt_cached_ptd_host@@V?$c_string_character_source@D@0@H_N@Z 000000014000a188 f i libucrt:output.obj
 0001:0000943c       ??$type_case_integer@$07@?$output_processor@DV?$string_output_adapter@D@__crt_stdio_output@@V?$format_validation_base@DV?$string_output_adapter@D@__crt_stdio_output@@@2@@__crt_stdio_output@@AEAA_N_N@Z 000000014000a43c f i libucrt:output.obj
 0001:00009640       ??$type_case_integer@$09@?$output_processor@DV?$string_output_adapter@D@__crt_stdio_output@@V?$format_validation_base@DV?$string_output_adapter@D@__crt_stdio_output@@@2@@__crt_stdio_output@@AEAA_N_N@Z 000000014000a640 f i libucrt:output.obj
 0001:00009844       ??$type_case_integer@$0BA@@?$output_processor@DV?$string_output_adapter@D@__crt_stdio_output@@V?$format_validation_base@DV?$string_output_adapter@D@__crt_stdio_output@@@2@@__crt_stdio_output@@AEAA_N_N@Z 000000014000a844 f i libucrt:output.obj
 0001:00009a48       ??$type_case_integer_parse_into_buffer@I$07@?$output_processor@DV?$string_output_adapter@D@__crt_stdio_output@@V?$format_validation_base@DV?$string_output_adapter@D@__crt_stdio_output@@@2@@__crt_stdio_output@@AEAAXI_N@Z 000000014000aa48 f i libucrt:output.obj
 0001:00009ab8       ??$type_case_integer_parse_into_buffer@I$09@?$output_processor@DV?$string_output_adapter@D@__crt_stdio_output@@V?$format_validation_base@DV?$string_output_adapter@D@__crt_stdio_output@@@2@@__crt_stdio_output@@AEAAXI_N@Z 000000014000aab8 f i libucrt:output.obj
 0001:00009b64       ??$type_case_integer_parse_into_buffer@I$0BA@@?$output_processor@DV?$string_output_adapter@D@__crt_stdio_output@@V?$format_validation_base@DV?$string_output_adapter@D@__crt_stdio_output@@@2@@__crt_stdio_output@@AEAAXI_N@Z 000000014000ab64 f i libucrt:output.obj
 0001:00009be8       ??$type_case_integer_parse_into_buffer@_K$07@?$output_processor@DV?$string_output_adapter@D@__crt_stdio_output@@V?$format_validation_base@DV?$string_output_adapter@D@__crt_stdio_output@@@2@@__crt_stdio_output@@AEAAX_K_N@Z 000000014000abe8 f i libucrt:output.obj
 0001:00009c58       ??$type_case_integer_parse_into_buffer@_K$09@?$output_processor@DV?$string_output_adapter@D@__crt_stdio_output@@V?$format_validation_base@DV?$string_output_adapter@D@__crt_stdio_output@@@2@@__crt_stdio_output@@AEAAX_K_N@Z 000000014000ac58 f i libucrt:output.obj
 0001:00009d08       ??$type_case_integer_parse_into_buffer@_K$0BA@@?$output_processor@DV?$string_output_adapter@D@__crt_stdio_output@@V?$format_validation_base@DV?$string_output_adapter@D@__crt_stdio_output@@@2@@__crt_stdio_output@@AEAAX_K_N@Z 000000014000ad08 f i libucrt:output.obj
 0001:00009d8c       ?crop_zeroes@__crt_stdio_output@@YAXPEADQEAU__crt_locale_pointers@@@Z 000000014000ad8c f i libucrt:output.obj
 0001:00009e00       ?get_raw_ptd@__crt_cached_ptd_host@@QEAAPEAU__acrt_ptd@@XZ 000000014000ae00 f i libucrt:output.obj
 0001:00009e68       ?parse_int_from_format_string@?$output_processor@DV?$string_output_adapter@D@__crt_stdio_output@@V?$format_validation_base@DV?$string_output_adapter@D@__crt_stdio_output@@@2@@__crt_stdio_output@@AEAA_NQEAH@Z 000000014000ae68 f i libucrt:output.obj
 0001:00009ef8       ?process@?$output_processor@DV?$string_output_adapter@D@__crt_stdio_output@@V?$format_validation_base@DV?$string_output_adapter@D@__crt_stdio_output@@@2@@__crt_stdio_output@@QEAAHXZ 000000014000aef8 f i libucrt:output.obj
 0001:0000a260       ?state_case_size@?$output_processor@DV?$string_output_adapter@D@__crt_stdio_output@@V?$format_validation_base@DV?$string_output_adapter@D@__crt_stdio_output@@@2@@__crt_stdio_output@@AEAA_NXZ 000000014000b260 f i libucrt:output.obj
 0001:0000a3e8       ?state_case_type@?$output_processor@DV?$string_output_adapter@D@__crt_stdio_output@@V?$format_validation_base@DV?$string_output_adapter@D@__crt_stdio_output@@@2@@__crt_stdio_output@@AEAA_NXZ 000000014000b3e8 f i libucrt:output.obj
 0001:0000a858       ?type_case_Z@?$output_processor@DV?$string_output_adapter@D@__crt_stdio_output@@V?$format_validation_base@DV?$string_output_adapter@D@__crt_stdio_output@@@2@@__crt_stdio_output@@AEAA_NXZ 000000014000b858 f i libucrt:output.obj
 0001:0000a8d4       ?type_case_a@?$output_processor@DV?$string_output_adapter@D@__crt_stdio_output@@V?$format_validation_base@DV?$string_output_adapter@D@__crt_stdio_output@@@2@@__crt_stdio_output@@AEAA_NXZ 000000014000b8d4 f i libucrt:output.obj
 0001:0000ab30       ?type_case_c_tchar@?$output_processor@DV?$string_output_adapter@D@__crt_stdio_output@@V?$format_validation_base@DV?$string_output_adapter@D@__crt_stdio_output@@@2@@__crt_stdio_output@@AEAA_ND@Z 000000014000bb30 f i libucrt:output.obj
 0001:0000ac04       ?type_case_n@?$output_processor@DV?$string_output_adapter@D@__crt_stdio_output@@V?$format_validation_base@DV?$string_output_adapter@D@__crt_stdio_output@@@2@@__crt_stdio_output@@AEAA_NXZ 000000014000bc04 f i libucrt:output.obj
 0001:0000acbc       ?type_case_s@?$output_processor@DV?$string_output_adapter@D@__crt_stdio_output@@V?$format_validation_base@DV?$string_output_adapter@D@__crt_stdio_output@@@2@@__crt_stdio_output@@AEAA_NXZ 000000014000bcbc f i libucrt:output.obj
 0001:0000ad60       ?update_locale_slow@__crt_cached_ptd_host@@AEAAXXZ 000000014000bd60 f i libucrt:output.obj
 0001:0000add8       ?write_string@?$string_output_adapter@D@__crt_stdio_output@@QEBAXQEBDHQEAHAEAV__crt_cached_ptd_host@@@Z 000000014000bdd8 f i libucrt:output.obj
 0001:0000ae7c       __stdio_common_vsprintf_s  000000014000be7c f   libucrt:output.obj
 0001:0000af90       ?get_raw_ptd_noexit@__crt_cached_ptd_host@@QEAAPEAU__acrt_ptd@@XZ 000000014000bf90 f i libucrt:invalid_parameter.obj
 0001:0000affc       ?value@?$dual_state_global@P6AXPEB_W00I_K@Z@__crt_state_management@@QEAAAEAP6AXPEB_W00I_K@ZAEAV__crt_cached_ptd_host@@@Z 000000014000bffc f i libucrt:invalid_parameter.obj
 0001:0000b048       __acrt_call_reportfault    000000014000c048 f   libucrt:invalid_parameter.obj
 0001:0000b1b8       __acrt_initialize_invalid_parameter_handler 000000014000c1b8 f   libucrt:invalid_parameter.obj
 0001:0000b1c0       _invalid_parameter         000000014000c1c0 f   libucrt:invalid_parameter.obj
 0001:0000b25c       _invalid_parameter_internal 000000014000c25c f   libucrt:invalid_parameter.obj
 0001:0000b314       _invalid_parameter_noinfo  000000014000c314 f   libucrt:invalid_parameter.obj
 0001:0000b334       _invoke_watson             000000014000c334 f   libucrt:invalid_parameter.obj
 0001:0000b380       malloc                     000000014000c380 f   libucrt:malloc.obj
 0001:0000b390       cosf_sse2                  000000014000c390 f   libucrt:cosf.obj
 0001:0000b630       cosf                       000000014000c630 f   libucrt:cosf.obj
 0001:0000b850       sinf_sse2                  000000014000c850 f   libucrt:sinf.obj
 0001:0000bbc0       sinf                       000000014000cbc0 f   libucrt:sinf.obj
 0001:0000bf10       tanf_sse2                  000000014000cf10 f   libucrt:tanf.obj
 0001:0000c230       tanf                       000000014000d230 f   libucrt:tanf.obj
 0001:0000c510       sqrtf                      000000014000d510 f   libucrt:sqrtf.obj
 0001:0000c5ac       ??$is_overflow_condition@_K@__crt_strtox@@YA_NI_K@Z 000000014000d5ac f i libucrt:input.obj
 0001:0000c5e4       ??$parse_floating_point@V?$input_adapter_character_source@V?$string_input_adapter@D@__crt_stdio_input@@@__crt_strtox@@M@__crt_strtox@@YA?AW4SLD_STATUS@@QEAU__crt_locale_pointers@@V?$input_adapter_character_source@V?$string_input_adapter@D@__crt_stdio_input@@@0@QEAM@Z 000000014000d5e4 f i libucrt:input.obj
 0001:0000c68c       ??$parse_floating_point@V?$input_adapter_character_source@V?$string_input_adapter@D@__crt_stdio_input@@@__crt_strtox@@N@__crt_strtox@@YA?AW4SLD_STATUS@@QEAU__crt_locale_pointers@@V?$input_adapter_character_source@V?$string_input_adapter@D@__crt_stdio_input@@@0@QEAN@Z 000000014000d68c f i libucrt:input.obj
 0001:0000c734       ??$parse_floating_point_from_source@V?$input_adapter_character_source@V?$string_input_adapter@D@__crt_stdio_input@@@__crt_strtox@@@__crt_strtox@@YA?AW4floating_point_parse_result@0@QEAU__crt_locale_pointers@@AEAV?$input_adapter_character_source@V?$string_input_adapter@D@__crt_stdio_input@@@0@AEAUfloating_point_string@0@@Z 000000014000d734 f i libucrt:input.obj
 0001:0000cef8       ??$parse_floating_point_possible_infinity@DV?$input_adapter_character_source@V?$string_input_adapter@D@__crt_stdio_input@@@__crt_strtox@@_K@__crt_strtox@@YA?AW4floating_point_parse_result@0@AEADAEAV?$input_adapter_character_source@V?$string_input_adapter@D@__crt_stdio_input@@@0@_K@Z 000000014000def8 f i libucrt:input.obj
 0001:0000d0a8       ??$parse_floating_point_possible_nan@DV?$input_adapter_character_source@V?$string_input_adapter@D@__crt_stdio_input@@@__crt_strtox@@_K@__crt_strtox@@YA?AW4floating_point_parse_result@0@AEADAEAV?$input_adapter_character_source@V?$string_input_adapter@D@__crt_stdio_input@@@0@_K@Z 000000014000e0a8 f i libucrt:input.obj
 0001:0000d30c       ??$parse_floating_point_possible_nan_is_ind@DV?$input_adapter_character_source@V?$string_input_adapter@D@__crt_stdio_input@@@__crt_strtox@@@__crt_strtox@@YA_NAEADAEAV?$input_adapter_character_source@V?$string_input_adapter@D@__crt_stdio_input@@@0@@Z 000000014000e30c f i libucrt:input.obj
 0001:0000d388       ??$parse_floating_point_possible_nan_is_snan@DV?$input_adapter_character_source@V?$string_input_adapter@D@__crt_stdio_input@@@__crt_strtox@@@__crt_strtox@@YA_NAEADAEAV?$input_adapter_character_source@V?$string_input_adapter@D@__crt_stdio_input@@@0@@Z 000000014000e388 f i libucrt:input.obj
 0001:0000d404       ??$parse_floating_point_write_result@M@__crt_strtox@@YA?AW4SLD_STATUS@@W4floating_point_parse_result@0@AEBUfloating_point_string@0@QEAM@Z 000000014000e404 f i libucrt:input.obj
 0001:0000d56c       ??$parse_floating_point_write_result@N@__crt_strtox@@YA?AW4SLD_STATUS@@W4floating_point_parse_result@0@AEBUfloating_point_string@0@QEAN@Z 000000014000e56c f i libucrt:input.obj
 0001:0000d744       ??$parse_integer@_KV?$input_adapter_character_source@V?$string_input_adapter@D@__crt_stdio_input@@@__crt_strtox@@$00@__crt_strtox@@YA_KAEAV__crt_cached_ptd_host@@V?$input_adapter_character_source@V?$string_input_adapter@D@__crt_stdio_input@@@0@H_N@Z 000000014000e744 f i libucrt:input.obj
 0001:0000db78       ??$parse_integer@_KV?$input_adapter_character_source@V?$string_input_adapter@D@__crt_stdio_input@@@__crt_strtox@@@__crt_strtox@@YA_KQEAU__crt_locale_pointers@@V?$input_adapter_character_source@V?$string_input_adapter@D@__crt_stdio_input@@@0@H_N@Z 000000014000eb78 f i libucrt:input.obj
 0001:0000dc78       ??$process_floating_point_specifier_t@M@?$input_processor@DV?$string_input_adapter@D@__crt_stdio_input@@@__crt_stdio_input@@AEAA_NXZ 000000014000ec78 f i libucrt:input.obj
 0001:0000dd1c       ??$process_floating_point_specifier_t@N@?$input_processor@DV?$string_input_adapter@D@__crt_stdio_input@@@__crt_stdio_input@@AEAA_NXZ 000000014000ed1c f i libucrt:input.obj
 0001:0000ddc4       ??$process_string_specifier_tchar@D@?$input_processor@DV?$string_input_adapter@D@__crt_stdio_input@@@__crt_stdio_input@@AEAA_NW4conversion_mode@1@D@Z 000000014000edc4 f i libucrt:input.obj
 0001:0000df68       ??$process_string_specifier_tchar@_W@?$input_processor@DV?$string_input_adapter@D@__crt_stdio_input@@@__crt_stdio_input@@AEAA_NW4conversion_mode@1@_W@Z 000000014000ef68 f i libucrt:input.obj
 0001:0000e148       ??$skip_whitespace@Vstring_input_adapter@__crt_stdio_input@@D@__crt_stdio_input@@YAHAEAV?$string_input_adapter@D@0@QEAU__crt_locale_pointers@@@Z 000000014000f148 f i libucrt:input.obj
 0001:0000e19c       ??0_LocaleUpdate@@QEAA@QEAU__crt_locale_pointers@@@Z 000000014000f19c f i libucrt:input.obj
 0001:0000e238       ??R<lambda_1db4d925c2db10274e92824f631ccf5d>@@QEBA@XZ 000000014000f238 f i libucrt:input.obj
 0001:0000e238       ??R<lambda_bdd123a27a08a14f93fbf44b617d0736>@@QEBA@XZ 000000014000f238 f i libucrt:input.obj
 0001:0000e238       ??R<lambda_ee7c83d9f0cd4f1299194e0a8d424b67>@@QEBA@XZ 000000014000f238 f i libucrt:input.obj
 0001:0000e29c       ?advance@?$format_string_parser@D@__crt_stdio_input@@QEAA_NXZ 000000014000f29c f i libucrt:input.obj
 0001:0000e464       ?as_double@floating_point_value@__crt_strtox@@QEBAAEANXZ 000000014000f464 f i libucrt:input.obj
 0001:0000e4a0       ?as_float@floating_point_value@__crt_strtox@@QEBAAEAMXZ 000000014000f4a0 f i libucrt:input.obj
 0001:0000e4dc       ?assemble_floating_point_value@__crt_strtox@@YA?AW4SLD_STATUS@@_KH_N1AEBVfloating_point_value@1@@Z 000000014000f4dc f i libucrt:input.obj
 0001:0000e894       ?assemble_floating_point_value_from_big_integer@__crt_strtox@@YA?AW4SLD_STATUS@@AEBUbig_integer@1@I_N1AEBVfloating_point_value@1@@Z 000000014000f894 f i libucrt:input.obj
 0001:0000e9f4       ?convert_decimal_string_to_floating_type_common@__crt_strtox@@YA?AW4SLD_STATUS@@AEBUfloating_point_string@1@AEBVfloating_point_value@1@@Z 000000014000f9f4 f i libucrt:input.obj
 0001:000106f4       ?convert_hexadecimal_string_to_floating_type_common@__crt_strtox@@YA?AW4SLD_STATUS@@AEBUfloating_point_string@1@AEBVfloating_point_value@1@@Z 00000001400116f4 f i libucrt:input.obj
 0001:000107a0       ?divide@__crt_strtox@@YA_KAEAUbig_integer@1@AEBU21@@Z 00000001400117a0 f i libucrt:input.obj
 0001:00010c2c       ?length@?$format_string_parser@D@__crt_stdio_input@@QEBA_KXZ 0000000140011c2c f i libucrt:input.obj
 0001:00010ce0       ?process@?$input_processor@DV?$string_input_adapter@D@__crt_stdio_input@@@__crt_stdio_input@@QEAAHXZ 0000000140011ce0 f i libucrt:input.obj
 0001:00010dd4       ?process_conversion_specifier@?$input_processor@DV?$string_input_adapter@D@__crt_stdio_input@@@__crt_stdio_input@@AEAA_NXZ 0000000140011dd4 f i libucrt:input.obj
 0001:00010ef4       ?process_floating_point_specifier@?$input_processor@DV?$string_input_adapter@D@__crt_stdio_input@@@__crt_stdio_input@@AEAA_NXZ 0000000140011ef4 f i libucrt:input.obj
 0001:00010f64       ?process_integer_specifier@?$input_processor@DV?$string_input_adapter@D@__crt_stdio_input@@@__crt_stdio_input@@AEAA_NI_N@Z 0000000140011f64 f i libucrt:input.obj
 0001:0001101c       ?process_literal_character_tchar@?$input_processor@DV?$string_input_adapter@D@__crt_stdio_input@@@__crt_stdio_input@@AEAA_ND@Z 000000014001201c f i libucrt:input.obj
 0001:000110a4       ?process_state@?$input_processor@DV?$string_input_adapter@D@__crt_stdio_input@@@__crt_stdio_input@@AEAA_NXZ 00000001400120a4 f i libucrt:input.obj
 0001:0001115c       ?process_string_specifier@?$input_processor@DV?$string_input_adapter@D@__crt_stdio_input@@@__crt_stdio_input@@AEAA_NW4conversion_mode@2@@Z 000000014001215c f i libucrt:input.obj
 0001:000111e8       ?scan_conversion_specifier@?$format_string_parser@D@__crt_stdio_input@@AEAA_NXZ 00000001400121e8 f i libucrt:input.obj
 0001:000113b4       ?scan_optional_field_width@?$format_string_parser@D@__crt_stdio_input@@AEAA_NXZ 00000001400123b4 f i libucrt:input.obj
 0001:00011454       ?scan_optional_length_modifier@?$format_string_parser@D@__crt_stdio_input@@AEAAXXZ 0000000140012454 f i libucrt:input.obj
 0001:00011564       ?scan_scanset_range@?$format_string_parser@D@__crt_stdio_input@@AEAA_NXZ 0000000140012564 f i libucrt:input.obj
 0001:000116fc       ?write_character@?$input_processor@DV?$string_input_adapter@D@__crt_stdio_input@@@__crt_stdio_input@@AEAA_NQEFA_W_KAEAPEFA_WAEA_KD@Z 00000001400126fc f i libucrt:input.obj
 0001:00011794       ?write_integer@?$input_processor@DV?$string_input_adapter@D@__crt_stdio_input@@@__crt_stdio_input@@AEAA_N_K@Z 0000000140012794 f i libucrt:input.obj
 0001:00011810       __stdio_common_vsscanf     0000000140012810 f   libucrt:input.obj
 0001:00011934       _ischartype_l              0000000140012934 f i libucrt:input.obj
 0001:00011a34       _seh_filter_exe            0000000140012a34 f   libucrt:exception_filter.obj
 0001:00011e10       __acrt_initialize_thread_local_exit_callback 0000000140012e10 f   libucrt:exit.obj
 0001:00011e18       _c_exit                    0000000140012e18 f   libucrt:exit.obj
 0001:00011e28       _cexit                     0000000140012e28 f   libucrt:exit.obj
 0001:00011e38       _exit                      0000000140012e38 f   libucrt:exit.obj
 0001:00011e44       _register_thread_local_exe_atexit_callback 0000000140012e44 f   libucrt:exit.obj
 0001:00011e80       exit                       0000000140012e80 f   libucrt:exit.obj
 0001:0001204c       __acrt_allocate_buffer_for_argv 000000014001304c f   libucrt:argv_parsing.obj
 0001:000120ac       _configure_narrow_argv     00000001400130ac f   libucrt:argv_parsing.obj
 0001:00012430       __dcrt_uninitialize_environments_nolock 0000000140013430 f   libucrt:environment_initialization.obj
 0001:00012474       _initialize_narrow_environment 0000000140013474 f   libucrt:environment_initialization.obj
 0001:000127bc       _crt_atexit                00000001400137bc f   libucrt:onexit.obj
 0001:000127cc       _execute_onexit_table      00000001400137cc f   libucrt:onexit.obj
 0001:00012810       _initialize_onexit_table   0000000140013810 f   libucrt:onexit.obj
 0001:00012838       _register_onexit_function  0000000140013838 f   libucrt:onexit.obj
 0001:000129ac       __acrt_initialize          00000001400139ac f   libucrt:initialization.obj
 0001:000129c0       __acrt_uninitialize        00000001400139c0 f   libucrt:initialization.obj
 0001:00012a00       _callnewh                  0000000140013a00 f   libucrt:new_handler.obj
 0001:00012a40       __acrt_initialize_new_handler 0000000140013a40 f   libucrt:new_handler.obj
 0001:00012a50       _query_new_handler         0000000140013a50 f   libucrt:new_handler.obj
 0001:00012a90       _set_new_handler           0000000140013a90 f   libucrt:new_handler.obj
 0001:00012af0       ?_set_new_handler@@YAP6AH_K@ZH@Z 0000000140013af0 f   libucrt:new_handler.obj
 0001:00012afc       _query_app_type            0000000140013afc f   libucrt:report_runtime_error.obj
 0001:00012b04       _set_app_type              0000000140013b04 f   libucrt:report_runtime_error.obj
 0001:00012b10       __acrt_has_user_matherr    0000000140013b10 f   libucrt:matherr.obj
 0001:00012b30       __acrt_initialize_user_matherr 0000000140013b30 f   libucrt:matherr.obj
 0001:00012b40       __acrt_invoke_user_matherr 0000000140013b40 f   libucrt:matherr.obj
 0001:00012b70       __setusermatherr           0000000140013b70 f   libucrt:matherr.obj
 0001:00012b94       _get_narrow_winmain_command_line 0000000140013b94 f   libucrt:argv_winmain.obj
 0001:00012c08       _initterm                  0000000140013c08 f   libucrt:initterm.obj
 0001:00012c40       _initterm_e                0000000140013c40 f   libucrt:initterm.obj
 0001:00012c7c       _set_fmode                 0000000140013c7c f   libucrt:setmode.obj
 0001:00012d2c       __acrt_set_locale_changed  0000000140013d2c f   libucrt:wsetlocale.obj
 0001:00012d38       __acrt_uninitialize_locale 0000000140013d38 f   libucrt:wsetlocale.obj
 0001:00012d68       _configthreadlocale        0000000140013d68 f   libucrt:wsetlocale.obj
 0001:00012de0       _query_new_mode            0000000140013de0 f   libucrt:new_mode.obj
 0001:00012df0       _set_new_mode              0000000140013df0 f   libucrt:new_mode.obj
 0001:00012e1c       __p__commode               0000000140013e1c f   libucrt:ncommode.obj
 0001:00012e30       free                       0000000140013e30 f   libucrt:free.obj
 0001:00012e38       terminate                  0000000140013e38 f   libucrt:terminate.obj
 0001:00012e60       strcpy_s                   0000000140013e60 f   libucrt:strcpy_s.obj
 0001:00012ee0       abort                      0000000140013ee0 f   libucrt:abort.obj
 0001:00012f40       calloc                     0000000140013f40 f   libucrt:calloc.obj
 0001:00012f48       ??$parse_integer@_KV?$c_string_character_source@D@__crt_strtox@@$00@__crt_strtox@@YA_KAEAV__crt_cached_ptd_host@@V?$c_string_character_source@D@0@H_N@Z 0000000140013f48 f i libucrt:atox.obj
 0001:00013230       wcsncmp                    0000000140014230 f   libucrt:wcsncmp.obj
 0001:00013264       __acrt_errno_from_os_error 0000000140014264 f   libucrt:errno.obj
 0001:00013334       __acrt_errno_map_os_error  0000000140014334 f   libucrt:errno.obj
 0001:0001335c       __acrt_errno_map_os_error_ptd 000000014001435c f   libucrt:errno.obj
 0001:00013380       __doserrno                 0000000140014380 f   libucrt:errno.obj
 0001:000133a4       _errno                     00000001400143a4 f   libucrt:errno.obj
 0001:000133d0       _free_base                 00000001400143d0 f   libucrt:free_base.obj
 0001:00013430       _malloc_base               0000000140014430 f   libucrt:malloc_base.obj
 0001:00013490       strnlen                    0000000140014490 f   libucrt:strnlen.obj
 0001:00013620       wcsnlen                    0000000140014620 f   libucrt:strnlen.obj
 0001:00013828       __acrt_update_locale_info  0000000140014828 f   libucrt:locale_update.obj
 0001:0001385c       __acrt_update_locale_info_explicit 000000014001485c f   libucrt:locale_update.obj
 0001:00013894       __acrt_update_multibyte_info 0000000140014894 f   libucrt:locale_update.obj
 0001:000138c8       __acrt_update_multibyte_info_explicit 00000001400148c8 f   libucrt:locale_update.obj
 0001:00014410       __acrt_fp_format           0000000140015410 f   libucrt:cvt.obj
 0001:000146f8       _wctomb_internal           00000001400156f8 f   libucrt:wctomb.obj
 0001:000148a8       _mbtowc_internal           00000001400158a8 f   libucrt:mbtowc.obj
 0001:00014a20       _mbtowc_l                  0000000140015a20 f   libucrt:mbtowc.obj
 0001:00014ac4       ?__mblen_utf8@__crt_mbstring@@YAHPEBD@Z 0000000140015ac4 f   libucrt:mbrtoc32.obj
 0001:00014afc       ?__mbrtoc32_utf8@__crt_mbstring@@YA_KPEA_UPEBD_KPEAU_Mbstatet@@AEAV__crt_cached_ptd_host@@@Z 0000000140015afc f   libucrt:mbrtoc32.obj
 0001:00014cbc       ?__c16rtomb_utf8@__crt_mbstring@@YA_KPEAD_SPEAU_Mbstatet@@AEAV__crt_cached_ptd_host@@@Z 0000000140015cbc f   libucrt:c16rtomb.obj
 0001:00014d60       ?__mbrtowc_utf8@__crt_mbstring@@YA_KPEA_WPEBD_KPEAU_Mbstatet@@AEAV__crt_cached_ptd_host@@@Z 0000000140015d60 f   libucrt:mbrtowc.obj
 0001:00014da8       ?__mbsrtowcs_utf8@__crt_mbstring@@YA_KPEA_WPEAPEBD_KPEAU_Mbstatet@@AEAV__crt_cached_ptd_host@@@Z 0000000140015da8 f   libucrt:mbrtowc.obj
 0001:00014f60       _fileno                    0000000140015f60 f   libucrt:fileno.obj
 0001:00014f88       __acrt_initialize_stdio    0000000140015f88 f   libucrt:_file.obj
 0001:000150a8       __acrt_uninitialize_stdio  00000001400160a8 f   libucrt:_file.obj
 0001:00015104       _lock_file                 0000000140016104 f   libucrt:_file.obj
 0001:00015110       _unlock_file               0000000140016110 f   libucrt:_file.obj
 0001:0001511c       _get_printf_count_output   000000014001611c f   libucrt:printf_count_output.obj
 0001:00015444       ?internal_get_ptd_head_slow@@YAPEAU__acrt_ptd@@XZ 0000000140016444 f   libucrt:per_thread_data.obj
 0001:00015564       __acrt_getptd              0000000140016564 f   libucrt:per_thread_data.obj
 0001:00015580       __acrt_getptd_head         0000000140016580 f   libucrt:per_thread_data.obj
 0001:000155c4       __acrt_getptd_noexit       00000001400165c4 f   libucrt:per_thread_data.obj
 0001:00015654       __acrt_getptd_noexit_explicit 0000000140016654 f   libucrt:per_thread_data.obj
 0001:000156b0       __acrt_initialize_ptd      00000001400166b0 f   libucrt:per_thread_data.obj
 0001:000156f4       __acrt_uninitialize_ptd    00000001400166f4 f   libucrt:per_thread_data.obj
 0001:00015920       __acrt_initialize_lowio    0000000140016920 f   libucrt:ioinit.obj
 0001:0001595c       __acrt_uninitialize_lowio  000000014001695c f   libucrt:ioinit.obj
 0001:000159a0       __remainder_piby2d2f_forAsm 00000001400169a0 f   libucrt:remainder_piby2f_forasm.obj
 0001:00015af0       __remainder_piby2_fma3     0000000140016af0 f   libucrt:remainder_piby2_forfma3.obj
 0001:00015ce0       __remainder_piby2_fma3_bdl 0000000140016ce0 f   libucrt:remainder_piby2_forfma3.obj
 0001:00015d60       _cosf_special              0000000140016d60 f   libucrt:sincos_special.obj
 0001:00015df0       _sinf_special              0000000140016df0 f   libucrt:sincos_special.obj
 0001:00015e80       _tanf_special              0000000140016e80 f   libucrt:sincos_special.obj
 0001:00015f10       _clrfp                     0000000140016f10 f   libucrt:fpctrl.obj
 0001:00015f30       _ctrlfp                    0000000140016f30 f   libucrt:fpctrl.obj
 0001:00015fb0       _get_fpcsr                 0000000140016fb0 f   libucrt:fpctrl.obj
 0001:00015fb0       _get_fpsr                  0000000140016fb0 f   libucrt:fpctrl.obj
 0001:00015fc0       _set_fpcsr                 0000000140016fc0 f   libucrt:fpctrl.obj
 0001:00015fc0       _set_fpsr                  0000000140016fc0 f   libucrt:fpctrl.obj
 0001:00015fd0       _set_statfp                0000000140016fd0 f   libucrt:fpctrl.obj
 0001:00015ff0       _statfp                    0000000140016ff0 f   libucrt:fpctrl.obj
 0001:00016000       __acrt_initialize_fma3     0000000140017000 f   libucrt:fma3_available.obj
 0001:000160c0       __remainder_piby2d2f_forC  00000001400170c0 f   libucrt:remainder_piby2f_forc.obj
 0001:00016360       _handle_error              0000000140017360 f   libucrt:libm_error.obj
 0001:000164a0       _handle_errorf             00000001400174a0 f   libucrt:libm_error.obj
 0001:000165e0       _handle_nan                00000001400175e0 f   libucrt:libm_error.obj
 0001:00016600       _handle_nanf               0000000140017600 f   libucrt:libm_error.obj
 0001:0001660c       __pctype_func              000000014001760c f   libucrt:ctype.obj
 0001:0001663c       _isctype_l                 000000014001763c f   libucrt:isctype.obj
 0001:00016750       isspace                    0000000140017750 f   libucrt:_ctype.obj
 0001:00016800       _calloc_base               0000000140017800 f   libucrt:calloc_base.obj
 0001:00016878       strtoull                   0000000140017878 f   libucrt:strtox.obj
 0001:00016930       fegetround                 0000000140017930 f   libucrt:fegetround.obj
 0001:00016944       __acrt_initialize_locks    0000000140017944 f   libucrt:locks.obj
 0001:0001698c       __acrt_lock                000000014001798c f   libucrt:locks.obj
 0001:000169a8       __acrt_uninitialize_locks  00000001400179a8 f   libucrt:locks.obj
 0001:000169e0       __acrt_unlock              00000001400179e0 f   libucrt:locks.obj
 0001:000169fc       __acrt_app_verifier_enabled 00000001400179fc f   libucrt:peb_access.obj
 0001:00016a18       __acrt_is_secure_process   0000000140017a18 f   libucrt:peb_access.obj
 0001:00016a30       __acrt_get_process_end_policy 0000000140017a30 f   libucrt:win_policies.obj
 0001:00016a74       ??$__acrt_convert_wcs_mbs_cp@D_WV<lambda_7c9dea7b4ca7285d2cdb541a38da6275>@@U__crt_win32_buffer_internal_dynamic_resizing@@@@YAHQEBDAEAV?$__crt_win32_buffer@_WU__crt_win32_buffer_internal_dynamic_resizing@@@@AEBV<lambda_7c9dea7b4ca7285d2cdb541a38da6275>@@I@Z 0000000140017a74 f i libucrt:argv_wildcards.obj
 0001:00016c14       ??$__acrt_convert_wcs_mbs_cp@_WDV<lambda_d8593a27d1aa8c02be35c86a17d324c4>@@U__crt_win32_buffer_internal_dynamic_resizing@@@@YAHQEB_WAEAV?$__crt_win32_buffer@DU__crt_win32_buffer_internal_dynamic_resizing@@@@AEBV<lambda_d8593a27d1aa8c02be35c86a17d324c4>@@I@Z 0000000140017c14 f i libucrt:argv_wildcards.obj
 0001:000174e0       __acrt_expand_narrow_argv_wildcards 00000001400184e0 f   libucrt:argv_wildcards.obj
 0001:000174e8       ??$__acrt_convert_wcs_mbs_cp@_WDV<lambda_f788ae46380686e8b737efdd8c720d07>@@U__crt_win32_buffer_no_resizing@@@@YAHQEB_WAEAV?$__crt_win32_buffer@DU__crt_win32_buffer_no_resizing@@@@AEBV<lambda_f788ae46380686e8b737efdd8c720d07>@@I@Z 00000001400184e8 f i libucrt:getmodulefilenamea.obj
 0001:00017604       __acrt_GetModuleFileNameA  0000000140018604 f   libucrt:getmodulefilenamea.obj
 0001:00017f30       __acrt_initialize_multibyte 0000000140018f30 f   libucrt:mbctype.obj
 0001:00017f90       __acrt_update_thread_multibyte_data 0000000140018f90 f   libucrt:mbctype.obj
 0001:00017fac       _setmbcp_nolock            0000000140018fac f   libucrt:mbctype.obj
 0001:000182e8       _ismbblead                 00000001400192e8 f   libucrt:ismbbyte.obj
 0001:000182fc       __acrt_initialize_command_line 00000001400192fc f   libucrt:argv_data.obj
 0001:00018324       __acrt_MultiByteToWideChar 0000000140019324 f   libucrt:multibytetowidechar.obj
 0001:000183b4       __acrt_WideCharToMultiByte 00000001400193b4 f   libucrt:widechartomultibyte.obj
 0001:00018494       __dcrt_get_narrow_environment_from_os 0000000140019494 f   libucrt:get_environment_from_os.obj
 0001:000185b0       _recalloc_base             00000001400195b0 f   libucrt:recalloc.obj
 0001:00018650       _recalloc                  0000000140019650 f   libucrt:recalloc.obj
 0001:0001880c       __acrt_AppPolicyGetProcessTerminationMethodInternal 000000014001980c f   libucrt:winapi_thunks.obj
 0001:00018868       __acrt_AreFileApisANSI     0000000140019868 f   libucrt:winapi_thunks.obj
 0001:000188b4       __acrt_FlsAlloc            00000001400198b4 f   libucrt:winapi_thunks.obj
 0001:000188bc       __acrt_FlsFree             00000001400198bc f   libucrt:winapi_thunks.obj
 0001:000188c4       __acrt_FlsGetValue         00000001400198c4 f   libucrt:winapi_thunks.obj
 0001:000188cc       __acrt_FlsGetValue2        00000001400198cc f   libucrt:winapi_thunks.obj
 0001:000188d8       __acrt_FlsSetValue         00000001400198d8 f   libucrt:winapi_thunks.obj
 0001:000188e0       __acrt_InitializeCriticalSectionEx 00000001400198e0 f   libucrt:winapi_thunks.obj
 0001:000188e8       __acrt_LCMapStringEx       00000001400198e8 f   libucrt:winapi_thunks.obj
 0001:000189dc       __acrt_LocaleNameToLCID    00000001400199dc f   libucrt:winapi_thunks.obj
 0001:00018a40       __acrt_initialize_winapi_thunks 0000000140019a40 f   libucrt:winapi_thunks.obj
 0001:00018a70       __acrt_tls2_supported      0000000140019a70 f   libucrt:winapi_thunks.obj
 0001:00018ab4       __acrt_uninitialize_winapi_thunks 0000000140019ab4 f   libucrt:winapi_thunks.obj
 0001:00018b00       _get_heap_handle           0000000140019b00 f   libucrt:heap_handle.obj
 0001:00018b10       __acrt_initialize_heap     0000000140019b10 f   libucrt:heap_handle.obj
 0001:00018b40       __acrt_uninitialize_heap   0000000140019b40 f   libucrt:heap_handle.obj
 0001:00018b60       __acrt_getheap             0000000140019b60 f   libucrt:heap_handle.obj
 0001:00018b68       __acrt_execute_initializers 0000000140019b68 f   libucrt:shared_initialization.obj
 0001:00018be8       __acrt_execute_uninitializers 0000000140019be8 f   libucrt:shared_initialization.obj
 0001:00018c6c       __acrt_get_sigabrt_handler 0000000140019c6c f   libucrt:signal.obj
 0001:00018c9c       __acrt_initialize_signal_handlers 0000000140019c9c f   libucrt:signal.obj
 0001:00018cbc       raise                      0000000140019cbc f   libucrt:signal.obj
 0001:000190f8       __acrt_stdio_flush_nolock  000000014001a0f8 f   libucrt:fflush.obj
 0001:00019184       _fflush_nolock             000000014001a184 f   libucrt:fflush.obj
 0001:00019258       _flushall                  000000014001a258 f   libucrt:fflush.obj
 0001:00019260       __acrt_lowio_create_handle_array 000000014001a260 f   libucrt:osfinfo.obj
 0001:00019308       __acrt_lowio_destroy_handle_array 000000014001a308 f   libucrt:osfinfo.obj
 0001:00019358       __acrt_lowio_ensure_fh_exists 000000014001a358 f   libucrt:osfinfo.obj
 0001:00019400       __acrt_lowio_lock_fh       000000014001a400 f   libucrt:osfinfo.obj
 0001:00019428       __acrt_lowio_unlock_fh     000000014001a428 f   libucrt:osfinfo.obj
 0001:00019450       _free_osfhnd               000000014001a450 f   libucrt:osfinfo.obj
 0001:0001950c       _get_osfhandle             000000014001a50c f   libucrt:osfinfo.obj
 0001:00019584       __acrt_initialize_fmode    000000014001a584 f   libucrt:txtmode.obj
 0001:0001959c       __acrt_locale_free_monetary 000000014001a59c f   libucrt:initmon.obj
 0001:000196a8       __acrt_locale_free_numeric 000000014001a6a8 f   libucrt:initnum.obj
 0001:00019748       __acrt_locale_free_time    000000014001a748 f   libucrt:inittime.obj
 0001:00019850       __acrt_GetStringTypeA      000000014001a850 f   libucrt:getstringtypea.obj
 0001:000199e0       __acrt_add_locale_ref      000000014001a9e0 f   libucrt:locale_refcounting.obj
 0001:00019a6c       __acrt_free_locale         000000014001aa6c f   libucrt:locale_refcounting.obj
 0001:00019be4       __acrt_locale_add_lc_time_reference 000000014001abe4 f   libucrt:locale_refcounting.obj
 0001:00019c0c       __acrt_locale_free_lc_time_if_unreferenced 000000014001ac0c f   libucrt:locale_refcounting.obj
 0001:00019c44       __acrt_locale_release_lc_time_reference 000000014001ac44 f   libucrt:locale_refcounting.obj
 0001:00019c6c       __acrt_release_locale_ref  000000014001ac6c f   libucrt:locale_refcounting.obj
 0001:00019d14       __acrt_update_thread_locale_data 000000014001ad14 f   libucrt:locale_refcounting.obj
 0001:00019d84       _updatetlocinfoEx_nolock   000000014001ad84 f   libucrt:locale_refcounting.obj
 0001:00019ebc       __acrt_fp_strflt_to_string 000000014001aebc f   libucrt:_fptostr.obj
 0001:00019fcc       __acrt_fltout              000000014001afcc f   libucrt:cfout.obj
 0001:0001b24c       ?__c32rtomb_utf8@__crt_mbstring@@YA_KPEAD_UPEAU_Mbstatet@@AEAV__crt_cached_ptd_host@@@Z 000000014001c24c f   libucrt:c32rtomb.obj
 0001:0001b2f0       ?reset_and_return@__crt_mbstring@@YA_K_KPEAU_Mbstatet@@@Z 000000014001c2f0 f   libucrt:common_utf8.obj
 0001:0001b2f8       ?return_illegal_sequence@__crt_mbstring@@YA_KPEAU_Mbstatet@@AEAV__crt_cached_ptd_host@@@Z 000000014001c2f8 f   libucrt:common_utf8.obj
 0001:0001b30c       _fcloseall                 000000014001c30c f   libucrt:closeall.obj
 0001:0001b3c0       __acrt_stdio_free_buffer_nolock 000000014001c3c0 f   libucrt:_freebuf.obj
 0001:0001b404       _isatty                    000000014001c404 f   libucrt:isatty.obj
 0001:0001b470       _raise_exc                 000000014001c470 f   libucrt:fpexcept.obj
 0001:0001b4a0       _raise_exc_ex              000000014001c4a0 f   libucrt:fpexcept.obj
 0001:0001b7b0       _raise_excf                000000014001c7b0 f   libucrt:fpexcept.obj
 0001:0001b7e0       _set_errno_from_matherr    000000014001c7e0 f   libucrt:fpexcept.obj
 0001:0001b820       __acrt_fenv_get_common_round_control 000000014001c820 f   libucrt:_fenvutils.obj
 0001:0001b830       __acrt_fenv_get_control    000000014001c830 f   libucrt:_fenvutils.obj
 0001:0001b910       __acrt_fenv_get_status     000000014001c910 f   libucrt:_fenvutils.obj
 0001:0001b970       __acrt_fenv_set_control    000000014001c970 f   libucrt:_fenvutils.obj
 0001:0001baa0       __acrt_fenv_set_status     000000014001caa0 f   libucrt:_fenvutils.obj
 0001:0001bb20       qsort                      000000014001cb20 f   libucrt:qsort.obj
 0001:0001bec0       strncpy_s                  000000014001cec0 f   libucrt:strncpy_s.obj
 0001:0001c090       strpbrk                    000000014001d090 f   libucrt:strpbrk.obj
 0001:0001c448       _mbsdec                    000000014001d448 f   libucrt:mbsdec.obj
 0001:0001c450       _mbsdec_l                  000000014001d450 f   libucrt:mbsdec.obj
 0001:0001c818       __acrt_LCMapStringA        000000014001d818 f   libucrt:lcmapstringa.obj
 0001:0001c8d0       _msize_base                000000014001d8d0 f   libucrt:msize.obj
 0001:0001c910       _msize                     000000014001d910 f   libucrt:msize.obj
 0001:0001c920       _realloc_base              000000014001d920 f   libucrt:realloc_base.obj
 0001:0001c99c       __acrt_DownlevelLocaleNameToLCID 000000014001d99c f   libucrt:lcidtoname_downlevel.obj
 0001:0001cad0       _commit                    000000014001dad0 f   libucrt:commit.obj
 0001:0001d390       _write_internal            000000014001e390 f   libucrt:write.obj
 0001:0001d4b0       _write_nolock              000000014001e4b0 f   libucrt:write.obj
 0001:0001d7e0       __ascii_wcsnicmp           000000014001e7e0 f   libucrt:wcsnicmp.obj
 0001:0001d850       _controlfp_s               000000014001e850 f   libucrt:contrlfp.obj
 0001:0001d8c0       fegetenv                   000000014001e8c0 f   libucrt:fegetenv.obj
 0001:0001d8e0       fesetenv                   000000014001e8e0 f   libucrt:fesetenv.obj
 0001:0001d950       feholdexcept               000000014001e950 f   libucrt:feholdexcept.obj
 0001:0001d9b0       ceil                       000000014001e9b0 f   libucrt:ceil.obj
 0001:0001da80       log10                      000000014001ea80 f   libucrt:log10.obj
 0001:0001e150       fclose                     000000014001f150 f   libucrt:fclose.obj
 0001:0001e298       _lseeki64_nolock_internal  000000014001f298 f   libucrt:lseek.obj
 0001:0001e2a0       _guard_check_icall         000000014001f2a0 f i libucrt:checkcfg.obj
 0001:0001e2c0       __strncnt                  000000014001f2c0 f   libucrt:strncnt.obj
 0001:0001e2d8       _putwch_nolock             000000014001f2d8 f   libucrt:putwch.obj
 0001:0001e320       _clearfp                   000000014001f320 f   libucrt:ieee.obj
 0001:0001e390       _control87                 000000014001f390 f   libucrt:ieee.obj
 0001:0001e640       ceil_sse41                 000000014001f640 f   libucrt:floorceil_sse41.obj
 0001:0001e650       _log10_special             000000014001f650 f   libucrt:log_special.obj
[...]
 0002:0000a840       $unwind$?getSystemCP@@YAHH@Z 000000014002b840     libucrt:mbctype.obj
 0002:0000a848       $unwind$?__mbsrtowcs_utf8@__crt_mbstring@@YA_KPEA_WPEAPEBD_KPEAU_Mbstatet@@AEAV__crt_cached_ptd_host@@@Z 000000014002b848     libucrt:mbrtowc.obj
 0002:0000a864       $unwind$?initialize_stdio_handles_nolock@@YAXXZ 000000014002b864     libucrt:ioinit.obj
 0002:0000a864       $unwind$__acrt_initialize_stdio 000000014002b864     libucrt:_file.obj
 0002:0000a864       $unwind$__GSHandlerCheck_EH 000000014002b864     LIBCMT:gshandlereh.obj
 0002:0000a87c       $unwind$__acrt_getptd_noexit 000000014002b87c     libucrt:per_thread_data.obj
 0002:0000a87c       $unwind$__acrt_getptd_noexit_explicit 000000014002b87c     libucrt:per_thread_data.obj
 0002:0000a890       $unwind$?destroy_fls@@YAXPEAX@Z 000000014002b890     libucrt:per_thread_data.obj
 0002:0000a890       $unwind$__acrt_locale_free_numeric 000000014002b890     libucrt:initnum.obj
 0002:0000a890       $unwind$__acrt_locale_free_lc_time_if_unreferenced 000000014002b890     libucrt:locale_refcounting.obj
 0002:0000a898       $unwind$?construct_ptd_array@@YAXQEAU__acrt_ptd@@@Z 000000014002b898     libucrt:per_thread_data.obj
 0002:0000a8a0       $unwind$?destroy_ptd_array@@YAXQEAU__acrt_ptd@@@Z 000000014002b8a0     libucrt:per_thread_data.obj
 0002:0000a8a8       $unwind$??$?RV<lambda_0ae27a3a962d80f24befdcbee591983d>@@AEAV<lambda_8d0ee55de4b1038c4002e0adecdf1839>@@V<lambda_dc504788e8f1664fe9b84e20bfb512f2>@@@?$__crt_seh_guarded_call@X@@QEAAX$$QEAV<lambda_0ae27a3a962d80f24befdcbee591983d>@@AEAV<lambda_8d0ee55de4b1038c4002e0adecdf1839>@@$$QEAV<lambda_dc504788e8f1664fe9b84e20bfb512f2>@@@Z 000000014002b8a8     libucrt:per_thread_data.obj
 0002:0000a8cc       $unwind$??$?RV<lambda_aa87e3671a710a21b5dc78c0bdf72e11>@@AEAV<lambda_92619d2358a28f41a33ba319515a20b9>@@V<lambda_6992ecaafeb10aed2b74cb1fae11a551>@@@?$__crt_seh_guarded_call@X@@QEAAX$$QEAV<lambda_aa87e3671a710a21b5dc78c0bdf72e11>@@AEAV<lambda_92619d2358a28f41a33ba319515a20b9>@@$$QEAV<lambda_6992ecaafeb10aed2b74cb1fae11a551>@@@Z 000000014002b8cc     libucrt:per_thread_data.obj
 0002:0000a8f0       $unwind$??$?RV<lambda_f2e299630e499de9f9a165e60fcd3db5>@@AEAV<lambda_2ae9d31cdba2644fcbeaf08da7c24588>@@V<lambda_40d01ff24d0e7b3814fdbdcee8eab3c7>@@@?$__crt_seh_guarded_call@X@@QEAAX$$QEAV<lambda_f2e299630e499de9f9a165e60fcd3db5>@@AEAV<lambda_2ae9d31cdba2644fcbeaf08da7c24588>@@$$QEAV<lambda_40d01ff24d0e7b3814fdbdcee8eab3c7>@@@Z 000000014002b8f0     libucrt:per_thread_data.obj
 0002:0000a914       $unwind$??$?RV<lambda_2d41944a1d46af3157314b8a01080d33>@@AEAV<lambda_8f455de75cd7d7f24b4096f044d8b9e6>@@V<lambda_aa500f224e6afead328df44964fe2772>@@@?$__crt_seh_guarded_call@X@@QEAAX$$QEAV<lambda_2d41944a1d46af3157314b8a01080d33>@@AEAV<lambda_8f455de75cd7d7f24b4096f044d8b9e6>@@$$QEAV<lambda_aa500f224e6afead328df44964fe2772>@@@Z 000000014002b914     libucrt:per_thread_data.obj
 0002:0000a938       $unwind$__acrt_initialize_lowio 000000014002b938     libucrt:ioinit.obj
 0002:0000a958       $unwind$?initialize_inherited_file_handles_nolock@@YAXXZ 000000014002b958     libucrt:ioinit.obj
 0002:0000a978       $unwind$_ctrlfp            000000014002b978     libucrt:fpctrl.obj
 0002:0000a998       $unwind$__acrt_initialize_fma3 000000014002b998     libucrt:fma3_available.obj
 0002:0000a9a0       $xdatasym$__remainder_piby2d2f_forC 000000014002b9a0     libucrt:remainder_piby2f_forc.obj
 0002:0000a9b0       $unwind$_exception_enabled 000000014002b9b0     libucrt:libm_error.obj
 0002:0000a9c4       $chain$0$_exception_enabled 000000014002b9c4     libucrt:libm_error.obj
 0002:0000a9d8       $chain$1$_exception_enabled 000000014002b9d8     libucrt:libm_error.obj
 0002:0000a9e8       $unwind$_handle_error      000000014002b9e8     libucrt:libm_error.obj
 0002:0000a9e8       $unwind$_handle_errorf     000000014002b9e8     libucrt:libm_error.obj
 0002:0000aa04       $unwind$_isctype_l         000000014002ba04     libucrt:isctype.obj
 0002:0000aa20       $unwind$_calloc_base       000000014002ba20     libucrt:calloc_base.obj
 0002:0000aa28       $unwind$strtoull           000000014002ba28     libucrt:strtox.obj
 0002:0000aa38       $unwind$??$common_expand_argv_wildcards@D@@YAHQEAPEADQEAPEAPEAD@Z 000000014002ba38     libucrt:argv_wildcards.obj
 0002:0000aa50       $unwind$__dcrt_get_narrow_environment_from_os 000000014002ba50     libucrt:get_environment_from_os.obj
 0002:0000aa50       $unwind$??$__acrt_convert_wcs_mbs_cp@_WDV<lambda_d8593a27d1aa8c02be35c86a17d324c4>@@U__crt_win32_buffer_internal_dynamic_resizing@@@@YAHQEB_WAEAV?$__crt_win32_buffer@DU__crt_win32_buffer_internal_dynamic_resizing@@@@AEBV<lambda_d8593a27d1aa8c02be35c86a17d324c4>@@I@Z 000000014002ba50     libucrt:argv_wildcards.obj
 0002:0000aa68       $unwind$??$expand_argument_wildcards@D@@YAHQEAD0AEAV?$argument_list@D@?A0x5f5c8891@@@Z 000000014002ba68     libucrt:argv_wildcards.obj
 0002:0000aa88       $unwind$__acrt_GetModuleFileNameA 000000014002ba88     libucrt:getmodulefilenamea.obj
 0002:0000aaa4       $unwind$__dcrt_write_console 000000014002baa4     libucrt:initcon.obj
 0002:0000aaa4       $unwind$??$__acrt_convert_wcs_mbs_cp@_WDV<lambda_f788ae46380686e8b737efdd8c720d07>@@U__crt_win32_buffer_no_resizing@@@@YAHQEB_WAEAV?$__crt_win32_buffer@DU__crt_win32_buffer_no_resizing@@@@AEBV<lambda_f788ae46380686e8b737efdd8c720d07>@@I@Z 000000014002baa4     libucrt:getmodulefilenamea.obj
 0002:0000aab8       $unwind$_setmbcp_nolock    000000014002bab8     libucrt:mbctype.obj
 0002:0000aad8       $unwind$?update_thread_multibyte_data_internal@@YAPEAU__crt_multibyte_data@@QEAU__acrt_ptd@@QEAPEAU1@@Z 000000014002bad8     libucrt:mbctype.obj
 0002:0000ab00       $unwind$?setmbcp_internal@@YAHH_NQEAU__acrt_ptd@@QEAPEAU__crt_multibyte_data@@@Z 000000014002bb00     libucrt:mbctype.obj
 0002:0000ab18       $unwind$?setSBUpLow@@YAXPEAU__crt_multibyte_data@@@Z 000000014002bb18     libucrt:mbctype.obj
 0002:0000ab34       $unwind$??$?RV<lambda_efdfa57d1f175319df784efa44bb7b81>@@AEAV<lambda_5f0a4c1567f8adc6734073e5d1e1b35c>@@V<lambda_2e8a7d3640ea6ccb4c2413664c2db6fd>@@@?$__crt_seh_guarded_call@X@@QEAAX$$QEAV<lambda_efdfa57d1f175319df784efa44bb7b81>@@AEAV<lambda_5f0a4c1567f8adc6734073e5d1e1b35c>@@$$QEAV<lambda_2e8a7d3640ea6ccb4c2413664c2db6fd>@@@Z 000000014002bb34     libucrt:mbctype.obj
 0002:0000ab58       $unwind$?x_ismbbtype_l@@YAHPEAU__crt_locale_pointers@@IHH@Z 000000014002bb58     libucrt:ismbbyte.obj
 0002:0000ab68       $unwind$__acrt_WideCharToMultiByte 000000014002bb68     libucrt:widechartomultibyte.obj
 0002:0000ab74       $unwind$_recalloc_base     000000014002bb74     libucrt:recalloc.obj
 0002:0000ab88       $unwind$?try_get_function_slow@@YAPEAXW4function_id@?A0x391cf84c@@QEBDQEBW4module_id@2@2@Z 000000014002bb88     libucrt:winapi_thunks.obj
 0002:0000aba4       $unwind$__acrt_initialize_heap 000000014002bba4     libucrt:heap_handle.obj
 0002:0000abac       $unwind$raise              000000014002bbac     libucrt:signal.obj
 0002:0000abec       $unwind$??$?RV<lambda_450d765d439847d4c735a33c368b5fc0>@@AEAV<lambda_44731a7d0e6d81c3e6aa82d741081786>@@V<lambda_601a2a7da3b7a96e9554ac7215c4b07c>@@@?$__crt_seh_guarded_call@P6AXH@Z@@QEAAP6AXH@Z$$QEAV<lambda_450d765d439847d4c735a33c368b5fc0>@@AEAV<lambda_44731a7d0e6d81c3e6aa82d741081786>@@$$QEAV<lambda_601a2a7da3b7a96e9554ac7215c4b07c>@@@Z 000000014002bbec     libucrt:signal.obj
 0002:0000ac10       $unwind$?common_flush_all@@YAH_N@Z 000000014002bc10     libucrt:fflush.obj
 0002:0000ac18       $unwind$??$?RV<lambda_842d9ff0dc9ef11c61343bbaebe7f885>@@AEAV<lambda_c5860995281e5c4ce005b3de8f5874ee>@@V<lambda_d90129c13df834fdcbf8d2b88dafcf2d>@@@?$__crt_seh_guarded_call@X@@QEAAX$$QEAV<lambda_842d9ff0dc9ef11c61343bbaebe7f885>@@AEAV<lambda_c5860995281e5c4ce005b3de8f5874ee>@@$$QEAV<lambda_d90129c13df834fdcbf8d2b88dafcf2d>@@@Z 000000014002bc18     libucrt:fflush.obj
 0002:0000ac3c       $unwind$??$?RV<lambda_886d6c58226a84441f68b9f2b8217b83>@@AEAV<lambda_ab61a845afdef5b7c387490eaf3616ee>@@V<lambda_f7f22ab5edc0698d5f6905b0d3f44752>@@@?$__crt_seh_guarded_call@X@@QEAAX$$QEAV<lambda_886d6c58226a84441f68b9f2b8217b83>@@AEAV<lambda_ab61a845afdef5b7c387490eaf3616ee>@@$$QEAV<lambda_f7f22ab5edc0698d5f6905b0d3f44752>@@@Z 000000014002bc3c     libucrt:fflush.obj
 0002:0000ac64       $unwind$_free_osfhnd       000000014002bc64     libucrt:osfinfo.obj
 0002:0000ac78       $unwind$__acrt_lowio_destroy_handle_array 000000014002bc78     libucrt:osfinfo.obj
 0002:0000ac88       $unwind$__acrt_lowio_ensure_fh_exists 000000014002bc88     libucrt:osfinfo.obj
 0002:0000acb4       $unwind$__acrt_locale_free_monetary 000000014002bcb4     libucrt:initmon.obj
 0002:0000acbc       $unwind$__acrt_locale_free_time 000000014002bcbc     libucrt:inittime.obj
 0002:0000accc       $unwind$__acrt_GetStringTypeA 000000014002bccc     libucrt:getstringtypea.obj
 0002:0000acf4       $unwind$__acrt_update_thread_locale_data 000000014002bcf4     libucrt:locale_refcounting.obj
 0002:0000ad18       $unwind$__acrt_fltout      000000014002bd18     libucrt:cfout.obj
 0002:0000ad3c       $unwind$_fcloseall         000000014002bd3c     libucrt:closeall.obj
 0002:0000ad60       $unwind$_raise_exc_ex      000000014002bd60     libucrt:fpexcept.obj
 0002:0000ad74       $unwind$__acrt_fenv_set_control 000000014002bd74     libucrt:_fenvutils.obj
 0002:0000ad80       $chain$0$__acrt_fenv_set_control 000000014002bd80     libucrt:_fenvutils.obj
 0002:0000ad94       $chain$1$__acrt_fenv_set_control 000000014002bd94     libucrt:_fenvutils.obj
 0002:0000ada4       $unwind$qsort              000000014002bda4     libucrt:qsort.obj
 0002:0000adbc       $chain$3$qsort             000000014002bdbc     libucrt:qsort.obj
 0002:0000addc       $chain$4$qsort             000000014002bddc     libucrt:qsort.obj
 0002:0000adec       $unwind$strpbrk            000000014002bdec     libucrt:strpbrk.obj
 0002:0000adfc       $unwind$fallbackMethod     000000014002bdfc     libucrt:strpbrk.obj
 0002:0000ae0c       $unwind$_mbsdec_l          000000014002be0c     libucrt:mbsdec.obj
 0002:0000ae18       $unwind$__acrt_LCMapStringA 000000014002be18     libucrt:lcmapstringa.obj
 0002:0000ae28       $unwind$?__acrt_LCMapStringA_stat@@YAHPEAU__crt_locale_pointers@@PEB_WKPEBDHPEADHHH@Z 000000014002be28     libucrt:lcmapstringa.obj
 0002:0000ae50       $unwind$_msize_base        000000014002be50     libucrt:msize.obj
 0002:0000ae58       $unwind$_realloc_base      000000014002be58     libucrt:realloc_base.obj
 0002:0000ae64       $unwind$_commit            000000014002be64     libucrt:commit.obj
 0002:0000ae6c       $unwind$??$?RV<lambda_a37b2b86f63e897a80ea819b0eb08c01>@@AEAV<lambda_38ce7e780aa69e748d6df282ebc68efe>@@V<lambda_99fb1378e971ab6e7edea83e3a7a83a2>@@@?$__crt_seh_guarded_call@H@@QEAAH$$QEAV<lambda_a37b2b86f63e897a80ea819b0eb08c01>@@AEAV<lambda_38ce7e780aa69e748d6df282ebc68efe>@@$$QEAV<lambda_99fb1378e971ab6e7edea83e3a7a83a2>@@@Z 000000014002be6c     libucrt:commit.obj
 0002:0000ae90       $unwind$_write_nolock      000000014002be90     libucrt:write.obj
 0002:0000aea8       $unwind$_write_internal    000000014002bea8     libucrt:write.obj
 0002:0000aed4       $unwind$_write_internal$fin$0 000000014002bed4     libucrt:write.obj
 0002:0000aed4       $unwind$?fin$0@?0??_fclose_internal@@YAHQEAU_iobuf@@AEAV__crt_cached_ptd_host@@@Z@4HA 000000014002bed4     libucrt:fclose.obj
 0002:0000aedc       $unwind$?write_double_translated_ansi_nolock@@YA?AUwrite_result@?A0x17268360@@HQEBDIAEAV__crt_cached_ptd_host@@@Z 000000014002bedc     libucrt:write.obj
 0002:0000af08       $ip2state$?write_double_translated_ansi_nolock@@YA?AUwrite_result@?A0x17268360@@HQEBDIAEAV__crt_cached_ptd_host@@@Z 000000014002bf08     libucrt:write.obj
 0002:0000af10       $unwind$?write_text_ansi_nolock@@YA?AUwrite_result@?A0x17268360@@HQEBDI@Z 000000014002bf10     libucrt:write.obj
 0002:0000af10       $unwind$?write_text_utf16le_nolock@@YA?AUwrite_result@?A0x17268360@@HQEBDI@Z 000000014002bf10     libucrt:write.obj
 0002:0000af30       $unwind$?write_text_utf8_nolock@@YA?AUwrite_result@?A0x17268360@@HQEBDI@Z 000000014002bf30     libucrt:write.obj
 0002:0000af54       $unwind$fesetenv           000000014002bf54     libucrt:fesetenv.obj
 0002:0000af60       $xdatasym$log10            000000014002bf60     libucrt:log10.obj
 0002:0000af6c       $unwind$?_fclose_nolock_internal@@YAHQEAU_iobuf@@AEAV__crt_cached_ptd_host@@@Z 000000014002bf6c     libucrt:fclose.obj
 0002:0000af7c       $unwind$?_fclose_internal@@YAHQEAU_iobuf@@AEAV__crt_cached_ptd_host@@@Z 000000014002bf7c     libucrt:fclose.obj
 0002:0000afa0       $unwind$_guard_check_icall 000000014002bfa0     libucrt:checkcfg.obj
 0002:0000afac       $unwind$common_control87   000000014002bfac     libucrt:ieee.obj
 0002:0000afd0       $unwind$_log_special_common 000000014002bfd0     libucrt:log_special.obj
 0002:0000afdc       $unwind$_close_internal    000000014002bfdc     libucrt:close.obj
 0002:0000afe4       $unwind$??$?RV<lambda_ad8af0d99a0adf03d037d7dffe354bb5>@@AEAV<lambda_c9ba49e555ba839a7b07aa3fbecb7617>@@V<lambda_2f1ebd5d68526518146ae959c9e734c8>@@@?$__crt_seh_guarded_call@H@@QEAAH$$QEAV<lambda_ad8af0d99a0adf03d037d7dffe354bb5>@@AEAV<lambda_c9ba49e555ba839a7b07aa3fbecb7617>@@$$QEAV<lambda_2f1ebd5d68526518146ae959c9e734c8>@@@Z 000000014002bfe4     libucrt:close.obj
 0002:0000b008       $unwind$_IsNonwritableInCurrentImage 000000014002c008     LIBCMT:pesect.obj
 0002:0000b030       $xdatasym                  000000014002c030     LIBCMT:chkstk.obj
 0002:0000b644       .idata$6                   000000014002c644     user32:USER32.dll
 0002:0000b660       .idata$6                   000000014002c660     Gdi32:GDI32.dll
 0002:0000b67c       .idata$6                   000000014002c67c     Winmm:WINMM.dll
 0002:0000b89c       .idata$6                   000000014002c89c     kernel32:KERNEL32.dll
 0003:00000080       ?__vcrt_flsindex@@3KA      000000014002d080     libvcruntime:per_thread_data.obj
 0003:000000a0       ?errno_no_memory@@3HA      000000014002d0a0     libucrt:errno.obj
 0003:000000a4       ?doserrno_no_memory@@3KA   000000014002d0a4     libucrt:errno.obj
 0003:000001b8       ?__acrt_flsindex@@3KA      000000014002d1b8     libucrt:per_thread_data.obj
 0003:00000330       ?dazSupported@?1??_ctrlfp@@9@9 000000014002d330     libucrt:fpctrl.obj
 0003:00000570       _mbctypes                  000000014002d570     libucrt:mbctype.obj
 0003:00000680       _mbcasemaps                000000014002d680     libucrt:mbctype.obj
 0003:00000780       ?__rgctypeflag@@3PADA      000000014002d780     libucrt:mbctype.obj
 0003:00000790       ?__rgcode_page_info@@3PAUcode_page_info@@A 000000014002d790     libucrt:mbctype.obj
 0003:00000a30       ?dazSupported@?1??common_control87@@9@9 000000014002da30     libucrt:ieee.obj
 0003:00000a40       ?__dcrt_lowio_console_output_handle@@3PEAXEA 000000014002da40     libucrt:initcon.obj
 0003:00000d18       ?GlobalRunning@@3_NA       000000014002dd18     win32_platform.obj
 0003:00000d1c       ?GameRunTime@@3MA          000000014002dd1c     win32_platform.obj
 0003:00000d20       ?InputState@@3Uplatform_input@@A 000000014002dd20     win32_platform.obj
 0003:00000e20       ?PreviousInputState@@3Uplatform_input@@A 000000014002de20     win32_platform.obj
 0003:00000f20       ?GlobalBackBuffer@@3Uwin32_offscreen_buffer@@A 000000014002df20     win32_platform.obj
 0003:00000f68       ?frequency@@3T_LARGE_INTEGER@@A 000000014002df68     win32_platform.obj
 0003:00000f70       ?GameStartTime@@3T_LARGE_INTEGER@@A 000000014002df70     win32_platform.obj
 0003:00000f78       ?DeltaTime@@3MA            000000014002df78     win32_platform.obj
 0003:000010a8       ?fTheta@?1??game_update_and_render@@YAXAEAUplatform_data@@@Z@4MA 000000014002e0a8     game.obj
 0003:000010c8       ?is_initialized_as_dll@@3_NA 000000014002e0c8     LIBCMT:utility.obj
 0003:000010c9       ?module_local_atexit_table_initialized@@3_NA 000000014002e0c9     LIBCMT:utility.obj
 0003:000010d0       ?module_local_atexit_table@@3U_onexit_table_t@@A 000000014002e0d0     LIBCMT:utility.obj
 0003:000010e8       ?module_local_at_quick_exit_table@@3U_onexit_table_t@@A 000000014002e0e8     LIBCMT:utility.obj
 0003:00001100       GS_ExceptionRecord         000000014002e100     LIBCMT:gs_report.obj
 0003:000011a0       GS_ContextRecord           000000014002e1a0     LIBCMT:gs_report.obj
 0003:000016a0       ?__vcrt_startup_thread_ptd@@3U__vcrt_ptd@@A 000000014002e6a0     libvcruntime:per_thread_data.obj
 0003:00001720       __vcrt_lock_table          000000014002e720     libvcruntime:locks.obj
 0003:00001748       __vcrt_locks_initialized   000000014002e748     libvcruntime:locks.obj
 0003:00001750       ?module_handles@@3PAPEAUHINSTANCE__@@A 000000014002e750     libvcruntime:winapi_downlevel.obj
 0003:00001768       ?function_pointers@@3PAPEAXA 000000014002e768     libvcruntime:winapi_downlevel.obj
 0003:00001798       ?__acrt_invalid_parameter_handler@@3V?$dual_state_global@P6AXPEB_W00I_K@Z@__crt_state_management@@A 000000014002e798     libucrt:invalid_parameter.obj
 0003:000017a0       ?c_termination_complete@@3JA 000000014002e7a0     libucrt:exit.obj
 0003:000017a8       ?thread_local_exit_callback_func@@3P6AXPEAXK0@ZEA 000000014002e7a8     libucrt:exit.obj
 0003:000017b0       ?c_exit_complete@?1???R<lambda_6e4b09c48022b2350581041d5f6b0c4c>@@QEBA@XZ@4_NA 000000014002e7b0     libucrt:exit.obj
 0003:000017c0       ?program_name@?1???$common_configure_argv@D@@YAHW4_crt_argv_mode@@@Z@4PADA 000000014002e7c0     libucrt:argv_parsing.obj
 0003:00001918       ?__acrt_new_handler@@3V?$dual_state_global@P6AH_K@Z@__crt_state_management@@A 000000014002e918     libucrt:new_handler.obj
 0003:00001920       ?__acrt_app_type@@3W4_crt_app_type@@A 000000014002e920     libucrt:report_runtime_error.obj
 0003:00001928       ?user_matherr@@3V?$dual_state_global@P6AHPEAU_exception@@@Z@__crt_state_management@@A 000000014002e928     libucrt:matherr.obj
 0003:00001930       ?empty_string@?1???$common_wincmdln@E@@YAPEAEXZ@4PAEA 000000014002e930     libucrt:argv_winmain.obj
 0003:00001938       ?__acrt_global_new_mode@@3V?$dual_state_global@J@__crt_state_management@@A 000000014002e938     libucrt:new_mode.obj
 0003:00001940       ?internal_state@?1??_mbtowc_internal@@9@4U_Mbstatet@@A 000000014002e940     libucrt:mbtowc.obj
 0003:00001948       ?internal_pst@?1??__mbrtoc32_utf8@__crt_mbstring@@YA_KPEA_UPEBD_KPEAU_Mbstatet@@AEAV__crt_cached_ptd_host@@@Z@4U3@A 000000014002e948     libucrt:mbrtoc32.obj
 0003:00001950       ?internal_pst@?1??__c16rtomb_utf8@__crt_mbstring@@YA_KPEAD_SPEAU_Mbstatet@@AEAV__crt_cached_ptd_host@@@Z@4U3@A 000000014002e950     libucrt:c16rtomb.obj
 0003:00001968       ?enable_percent_n@@3_KA    000000014002e968     libucrt:printf_count_output.obj
 0003:00001da0       ?__acrt_lock_table@@3PAU_RTL_CRITICAL_SECTION@@A 000000014002eda0     libucrt:locks.obj
 0003:00001ff8       ?__acrt_locks_initialized@@3IA 000000014002eff8     libucrt:locks.obj
 0003:00002018       ?fSystemSet@@3HA           000000014002f018     libucrt:mbctype.obj
 0003:0000201c       ?initialized@?1??__acrt_initialize_multibyte@@9@4_NA 000000014002f01c     libucrt:mbctype.obj
 0003:00002050       ?module_handles@@3PAPEAUHINSTANCE__@@A 000000014002f050     libucrt:winapi_thunks.obj
 0003:00002110       ?ctrlc_action@@3V?$dual_state_global@P6AXH@Z@__crt_state_management@@A 000000014002f110     libucrt:signal.obj
 0003:00002118       ?ctrlbreak_action@@3V?$dual_state_global@P6AXH@Z@__crt_state_management@@A 000000014002f118     libucrt:signal.obj
 0003:00002120       ?abort_action@@3V?$dual_state_global@P6AXH@Z@__crt_state_management@@A 000000014002f120     libucrt:signal.obj
 0003:00002128       ?term_action@@3V?$dual_state_global@P6AXH@Z@__crt_state_management@@A 000000014002f128     libucrt:signal.obj
 0005:00000000       ?function_pointers@@3PAPEAXA 0000000140032000     libucrt:winapi_thunks.obj
